
> learning-agent-platform@1.0.0 dev
> vite

Re-optimizing dependencies because vite config has changed

  [32m[1mVITE[22m v5.4.21[39m  [2mready in [0m[1m22981[22m[2m[0m ms[22m

  [32m➜[39m  [1mLocal[22m:   [36mhttp://localhost:[1m3000[22m/[39m
[2m  [32m➜[39m  [1mNetwork[22m[2m: use [22m[1m--host[22m[2m to expose[22m
[2m10:24:47[22m [36m[1m[vite][22m[39m [32mhmr update [39m[2m/src/styles/globals.css[22m
[2m10:24:47[22m [36m[1m[vite][22m[39m [32mhmr update [39m[2m/src/styles/globals.css[22m
[2m10:25:07[22m [36m[1m[vite][22m[39m [32mhmr update [39m[2m/src/styles/globals.css[22m
[2m10:25:18[22m [36m[1m[vite][22m[39m [32mhmr update [39m[2m/src/styles/globals.css[22m
[2m10:25:36[22m [36m[1m[vite][22m[39m [32mhmr update [39m[2m/src/pages/Dashboard.css[22m
[2m10:25:53[22m [36m[1m[vite][22m[39m [32mhmr update [39m[2m/src/pages/Dashboard.css[22m
[2m10:26:09[22m [36m[1m[vite][22m[39m [32mhmr update [39m[2m/src/pages/Dashboard.css[22m
[2m10:26:30[22m [36m[1m[vite][22m[39m [32mhmr update [39m[2m/src/pages/Dashboard.css[22m
[2m10:26:46[22m [36m[1m[vite][22m[39m [32mhmr update [39m[2m/src/pages/Dashboard.css[22m
[2m10:27:02[22m [36m[1m[vite][22m[39m [32mhmr update [39m[2m/src/styles/globals.css[22m
[2m10:27:17[22m [36m[1m[vite][22m[39m [32mhmr update [39m[2m/src/styles/globals.css[22m
[2m10:27:28[22m [36m[1m[vite][22m[39m [32mhmr update [39m[2m/src/pages/Dashboard.tsx[22m
[2m10:27:38[22m [36m[1m[vite][22m[39m [32mhmr update [39m[2m/src/pages/Dashboard.tsx[22m
[2m10:27:47[22m [36m[1m[vite][22m[39m [32mhmr update [39m[2m/src/pages/Dashboard.tsx[22m
[2m10:27:59[22m [36m[1m[vite][22m[39m [32mhmr update [39m[2m/src/pages/Dashboard.tsx[22m
[2m10:28:09[22m [36m[1m[vite][22m[39m [32mhmr update [39m[2m/src/pages/Dashboard.tsx[22m
[2m10:28:19[22m [36m[1m[vite][22m[39m [32mhmr update [39m[2m/src/pages/Dashboard.css[22m
[2m10:28:33[22m [36m[1m[vite][22m[39m [32mhmr update [39m[2m/src/pages/Dashboard.css[22m
[2m10:28:44[22m [36m[1m[vite][22m[39m [32mhmr update [39m[2m/src/pages/Dashboard.css[22m
[2m10:29:35[22m [36m[1m[vite][22m[39m [32mhmr update [39m[2m/src/components/AgentStatusCard.css[22m
[2m10:29:35[22m [36m[1m[vite][22m[39m [32mhmr update [39m[2m/src/components/LearningPathCard.css[22m
[2m10:29:35[22m [36m[1m[vite][22m[39m [32mhmr update [39m[2m/src/pages/ProfileBuilder.css[22m
[2m10:29:35[22m [36m[1m[vite][22m[39m [32mhmr update [39m[2m/src/pages/AgentWorkflow.css[22m
[2m10:29:35[22m [36m[1m[vite][22m[39m [32mhmr update [39m[2m/src/pages/LearningPath.css[22m
[2m10:29:35[22m [36m[1m[vite][22m[39m [32mhmr update [39m[2m/src/pages/LearningResource.css[22m
[2m10:29:46[22m [36m[1m[vite][22m[39m [32mhmr update [39m[2m/src/components/LearningPathCard.css[22m
[2m10:29:46[22m [36m[1m[vite][22m[39m [32mhmr update [39m[2m/src/pages/ProfileBuilder.css[22m
[2m10:29:46[22m [36m[1m[vite][22m[39m [32mhmr update [39m[2m/src/pages/AgentWorkflow.css[22m
[2m10:29:46[22m [36m[1m[vite][22m[39m [32mhmr update [39m[2m/src/pages/LearningPath.css[22m
[2m10:29:46[22m [36m[1m[vite][22m[39m [32mhmr update [39m[2m/src/pages/LearningResource.css[22m
[2m10:30:12[22m [36m[1m[vite][22m[39m [32mhmr update [39m[2m/src/pages/AgentWorkflow.tsx[22m
[2m10:30:43[22m [36m[1m[vite][22m[39m [32mhmr update [39m[2m/src/components/LearningPathCard.css[22m
[2m10:30:58[22m [36m[1m[vite][22m[39m [32mhmr update [39m[2m/src/components/LearningPathCard.css[22m
[2m10:58:00[22m [36m[1m[vite][22m[39m [32mhmr update [39m[2m/src/styles/globals.css[22m
[2m10:58:23[22m [36m[1m[vite][22m[39m [32mhmr update [39m[2m/src/styles/globals.css[22m
[2m10:58:36[22m [36m[1m[vite][22m[39m [32mhmr update [39m[2m/src/styles/globals.css[22m
[2m10:58:50[22m [36m[1m[vite][22m[39m [32mhmr update [39m[2m/src/styles/globals.css[22m
[2m10:59:04[22m [36m[1m[vite][22m[39m [32mhmr update [39m[2m/src/styles/globals.css[22m
[2m10:59:21[22m [36m[1m[vite][22m[39m [32mhmr update [39m[2m/src/pages/Dashboard.css[22m
[2m10:59:36[22m [36m[1m[vite][22m[39m [32mhmr update [39m[2m/src/pages/Dashboard.css[22m
[2m10:59:52[22m [36m[1m[vite][22m[39m [32mhmr update [39m[2m/src/pages/Dashboard.css[22m
[2m11:00:05[22m [36m[1m[vite][22m[39m [32mhmr update [39m[2m/src/pages/Dashboard.css[22m
[2m11:00:21[22m [36m[1m[vite][22m[39m [32mhmr update [39m[2m/src/pages/Dashboard.css[22m
[2m11:00:34[22m [36m[1m[vite][22m[39m [32mhmr update [39m[2m/src/pages/Dashboard.css[22m
[2m11:00:51[22m [36m[1m[vite][22m[39m [32mhmr update [39m[2m/src/pages/Dashboard.css[22m
[2m11:01:03[22m [36m[1m[vite][22m[39m [32mhmr update [39m[2m/src/pages/Dashboard.css[22m
[2m11:01:15[22m [36m[1m[vite][22m[39m [32mhmr update [39m[2m/src/pages/Dashboard.tsx[22m
[2m11:01:26[22m [36m[1m[vite][22m[39m [32mhmr update [39m[2m/src/pages/Dashboard.tsx[22m
[2m11:01:38[22m [36m[1m[vite][22m[39m [32mhmr update [39m[2m/src/pages/Dashboard.tsx[22m
[2m11:01:54[22m [36m[1m[vite][22m[39m [32mhmr update [39m[2m/src/pages/Dashboard.tsx[22m
[2m11:02:05[22m [36m[1m[vite][22m[39m [32mhmr update [39m[2m/src/pages/Dashboard.tsx[22m
[2m11:02:20[22m [36m[1m[vite][22m[39m [32mhmr update [39m[2m/src/components/LearningPathCard.css[22m
[2m11:02:38[22m [36m[1m[vite][22m[39m [32mhmr update [39m[2m/src/components/LearningPathCard.css[22m
[2m11:02:52[22m [36m[1m[vite][22m[39m [32mhmr update [39m[2m/src/pages/AgentWorkflow.tsx[22m
[2m11:03:05[22m [36m[1m[vite][22m[39m [32mhmr update [39m[2m/src/components/AgentStatusCard.css[22m
[2m11:03:05[22m [36m[1m[vite][22m[39m [32mhmr update [39m[2m/src/pages/ProfileBuilder.css[22m
[2m11:03:05[22m [36m[1m[vite][22m[39m [32mhmr update [39m[2m/src/pages/AgentWorkflow.css[22m
[2m11:03:05[22m [36m[1m[vite][22m[39m [32mhmr update [39m[2m/src/pages/LearningPath.css[22m
[2m11:03:05[22m [36m[1m[vite][22m[39m [32mhmr update [39m[2m/src/pages/LearningResource.css[22m
