[     341ms] [INFO] %cDownload the React DevTools for a better development experience: https://reactjs.org/link/react-devtools font-weight:bold @ http://localhost:3000/node_modules/.vite/deps/chunk-PJEEZAML.js?v=963f0b21:21550
[  405179ms] ReferenceError: authed is not defined
    at App (http://localhost:3000/src/App.tsx?t=1780287363072:73:3)
    at renderWithHooks (http://localhost:3000/node_modules/.vite/deps/chunk-PJEEZAML.js?v=963f0b21:11548:26)
    at mountIndeterminateComponent (http://localhost:3000/node_modules/.vite/deps/chunk-PJEEZAML.js?v=963f0b21:14926:21)
    at beginWork (http://localhost:3000/node_modules/.vite/deps/chunk-PJEEZAML.js?v=963f0b21:15914:22)
    at HTMLUnknownElement.callCallback2 (http://localhost:3000/node_modules/.vite/deps/chunk-PJEEZAML.js?v=963f0b21:3674:22)
    at Object.invokeGuardedCallbackDev (http://localhost:3000/node_modules/.vite/deps/chunk-PJEEZAML.js?v=963f0b21:3699:24)
    at invokeGuardedCallback (http://localhost:3000/node_modules/.vite/deps/chunk-PJEEZAML.js?v=963f0b21:3733:39)
    at beginWork$1 (http://localhost:3000/node_modules/.vite/deps/chunk-PJEEZAML.js?v=963f0b21:19765:15)
    at performUnitOfWork (http://localhost:3000/node_modules/.vite/deps/chunk-PJEEZAML.js?v=963f0b21:19198:20)
    at workLoopSync (http://localhost:3000/node_modules/.vite/deps/chunk-PJEEZAML.js?v=963f0b21:19137:13)
[  405180ms] ReferenceError: authed is not defined
    at App (http://localhost:3000/src/App.tsx?t=1780287363072:73:3)
    at renderWithHooks (http://localhost:3000/node_modules/.vite/deps/chunk-PJEEZAML.js?v=963f0b21:11548:26)
    at mountIndeterminateComponent (http://localhost:3000/node_modules/.vite/deps/chunk-PJEEZAML.js?v=963f0b21:14926:21)
    at beginWork (http://localhost:3000/node_modules/.vite/deps/chunk-PJEEZAML.js?v=963f0b21:15914:22)
    at HTMLUnknownElement.callCallback2 (http://localhost:3000/node_modules/.vite/deps/chunk-PJEEZAML.js?v=963f0b21:3674:22)
    at Object.invokeGuardedCallbackDev (http://localhost:3000/node_modules/.vite/deps/chunk-PJEEZAML.js?v=963f0b21:3699:24)
    at invokeGuardedCallback (http://localhost:3000/node_modules/.vite/deps/chunk-PJEEZAML.js?v=963f0b21:3733:39)
    at beginWork$1 (http://localhost:3000/node_modules/.vite/deps/chunk-PJEEZAML.js?v=963f0b21:19765:15)
    at performUnitOfWork (http://localhost:3000/node_modules/.vite/deps/chunk-PJEEZAML.js?v=963f0b21:19198:20)
    at workLoopSync (http://localhost:3000/node_modules/.vite/deps/chunk-PJEEZAML.js?v=963f0b21:19137:13)
[  405183ms] [ERROR] The above error occurred in the <App> component:

    at App (http://localhost:3000/src/App.tsx?t=1780287363072:30:29)

Consider adding an error boundary to your tree to customize error handling behavior.
Visit https://reactjs.org/link/error-boundaries to learn more about error boundaries. @ http://localhost:3000/node_modules/.vite/deps/chunk-PJEEZAML.js?v=963f0b21:14031
[  405183ms] ReferenceError: authed is not defined
    at App (http://localhost:3000/src/App.tsx?t=1780287363072:73:3)
    at renderWithHooks (http://localhost:3000/node_modules/.vite/deps/chunk-PJEEZAML.js?v=963f0b21:11548:26)
    at mountIndeterminateComponent (http://localhost:3000/node_modules/.vite/deps/chunk-PJEEZAML.js?v=963f0b21:14926:21)
    at beginWork (http://localhost:3000/node_modules/.vite/deps/chunk-PJEEZAML.js?v=963f0b21:15914:22)
    at beginWork$1 (http://localhost:3000/node_modules/.vite/deps/chunk-PJEEZAML.js?v=963f0b21:19753:22)
    at performUnitOfWork (http://localhost:3000/node_modules/.vite/deps/chunk-PJEEZAML.js?v=963f0b21:19198:20)
    at workLoopSync (http://localhost:3000/node_modules/.vite/deps/chunk-PJEEZAML.js?v=963f0b21:19137:13)
    at renderRootSync (http://localhost:3000/node_modules/.vite/deps/chunk-PJEEZAML.js?v=963f0b21:19116:15)
    at recoverFromConcurrentError (http://localhost:3000/node_modules/.vite/deps/chunk-PJEEZAML.js?v=963f0b21:18736:28)
    at performSyncWorkOnRoot (http://localhost:3000/node_modules/.vite/deps/chunk-PJEEZAML.js?v=963f0b21:18879:28)
[  453001ms] [INFO] %cDownload the React DevTools for a better development experience: https://reactjs.org/link/react-devtools font-weight:bold @ http://localhost:3000/node_modules/.vite/deps/chunk-PJEEZAML.js?v=bf06cd65:21550
