[     274ms] [INFO] %cDownload the React DevTools for a better development experience: https://reactjs.org/link/react-devtools font-weight:bold @ http://localhost:3000/node_modules/.vite/deps/chunk-PJEEZAML.js?v=bf06cd65:21550
[  490419ms] [WARNING] Element not found: .app__main @ http://localhost:3000/node_modules/.vite/deps/gsap_ScrollTrigger.js?v=bf06cd65:118
[  490413ms] TypeError: Cannot read properties of undefined (reading '_gsap')
    at Object._getCache2 [as getCache] (http://localhost:3000/node_modules/.vite/deps/chunk-UTTC4PWC.js?v=bf06cd65:132:17)
    at ScrollTrigger3.init (http://localhost:3000/node_modules/.vite/deps/gsap_ScrollTrigger.js?v=bf06cd65:1209:858)
    at new ScrollTrigger3 (http://localhost:3000/node_modules/.vite/deps/gsap_ScrollTrigger.js?v=bf06cd65:1196:10)
    at ScrollTrigger2.create (http://localhost:3000/node_modules/.vite/deps/gsap_ScrollTrigger.js?v=bf06cd65:2073:10)
    at _scrollTrigger2 (http://localhost:3000/node_modules/.vite/deps/chunk-UTTC4PWC.js?v=bf06cd65:360:105)
    at new Tween2 (http://localhost:3000/node_modules/.vite/deps/chunk-UTTC4PWC.js?v=bf06cd65:2312:22)
    at _createTweenType2 (http://localhost:3000/node_modules/.vite/deps/chunk-UTTC4PWC.js?v=bf06cd65:496:10)
    at Object.from (http://localhost:3000/node_modules/.vite/deps/chunk-UTTC4PWC.js?v=bf06cd65:2506:12)
    at http://localhost:3000/src/hooks/useScrollReveal.ts?t=1780292836332:11:12
    at Array.forEach (<anonymous>)
[  490506ms] [WARNING] Element not found: .app__main @ http://localhost:3000/node_modules/.vite/deps/gsap_ScrollTrigger.js?v=bf06cd65:118
[  490497ms] TypeError: Cannot read properties of undefined (reading '_gsap')
    at Object._getCache2 [as getCache] (http://localhost:3000/node_modules/.vite/deps/chunk-UTTC4PWC.js?v=bf06cd65:132:17)
    at ScrollTrigger3.init (http://localhost:3000/node_modules/.vite/deps/gsap_ScrollTrigger.js?v=bf06cd65:1209:858)
    at new ScrollTrigger3 (http://localhost:3000/node_modules/.vite/deps/gsap_ScrollTrigger.js?v=bf06cd65:1196:10)
    at ScrollTrigger2.create (http://localhost:3000/node_modules/.vite/deps/gsap_ScrollTrigger.js?v=bf06cd65:2073:10)
    at _scrollTrigger2 (http://localhost:3000/node_modules/.vite/deps/chunk-UTTC4PWC.js?v=bf06cd65:360:105)
    at new Tween2 (http://localhost:3000/node_modules/.vite/deps/chunk-UTTC4PWC.js?v=bf06cd65:2312:22)
    at _createTweenType2 (http://localhost:3000/node_modules/.vite/deps/chunk-UTTC4PWC.js?v=bf06cd65:496:10)
    at Object.from (http://localhost:3000/node_modules/.vite/deps/chunk-UTTC4PWC.js?v=bf06cd65:2506:12)
    at http://localhost:3000/src/hooks/useScrollReveal.ts?t=1780292836332:11:12
    at Array.forEach (<anonymous>)
[  490549ms] [ERROR] The above error occurred in the <Dashboard> component:

    at Dashboard (http://localhost:3000/src/pages/Dashboard.tsx?t=1780292836332:43:19)
    at div
    at MotionComponent (http://localhost:3000/node_modules/.vite/deps/framer-motion.js?v=bf06cd65:945:40)
    at PresenceChild (http://localhost:3000/node_modules/.vite/deps/framer-motion.js?v=bf06cd65:121:24)
    at AnimatePresence (http://localhost:3000/node_modules/.vite/deps/framer-motion.js?v=bf06cd65:210:26)
    at main
    at div
    at App (http://localhost:3000/src/App.tsx?t=1780292836332:31:29)

Consider adding an error boundary to your tree to customize error handling behavior.
Visit https://reactjs.org/link/error-boundaries to learn more about error boundaries. @ http://localhost:3000/node_modules/.vite/deps/chunk-PJEEZAML.js?v=bf06cd65:14031
[  490550ms] [ERROR] The above error occurred in the <Dashboard> component:

    at Dashboard (http://localhost:3000/src/pages/Dashboard.tsx?t=1780292836332:43:19)
    at div
    at MotionComponent (http://localhost:3000/node_modules/.vite/deps/framer-motion.js?v=bf06cd65:945:40)
    at PresenceChild (http://localhost:3000/node_modules/.vite/deps/framer-motion.js?v=bf06cd65:121:24)
    at AnimatePresence (http://localhost:3000/node_modules/.vite/deps/framer-motion.js?v=bf06cd65:210:26)
    at main
    at div
    at App (http://localhost:3000/src/App.tsx?t=1780292836332:31:29)

Consider adding an error boundary to your tree to customize error handling behavior.
Visit https://reactjs.org/link/error-boundaries to learn more about error boundaries. @ http://localhost:3000/node_modules/.vite/deps/chunk-PJEEZAML.js?v=bf06cd65:14031
[  490539ms] TypeError: Cannot read properties of undefined (reading '_gsap')
    at Object._getCache2 [as getCache] (http://localhost:3000/node_modules/.vite/deps/chunk-UTTC4PWC.js?v=bf06cd65:132:17)
    at ScrollTrigger3.init (http://localhost:3000/node_modules/.vite/deps/gsap_ScrollTrigger.js?v=bf06cd65:1209:858)
    at new ScrollTrigger3 (http://localhost:3000/node_modules/.vite/deps/gsap_ScrollTrigger.js?v=bf06cd65:1196:10)
    at ScrollTrigger2.create (http://localhost:3000/node_modules/.vite/deps/gsap_ScrollTrigger.js?v=bf06cd65:2073:10)
    at _scrollTrigger2 (http://localhost:3000/node_modules/.vite/deps/chunk-UTTC4PWC.js?v=bf06cd65:360:105)
    at new Tween2 (http://localhost:3000/node_modules/.vite/deps/chunk-UTTC4PWC.js?v=bf06cd65:2312:22)
    at _createTweenType2 (http://localhost:3000/node_modules/.vite/deps/chunk-UTTC4PWC.js?v=bf06cd65:496:10)
    at Object.from (http://localhost:3000/node_modules/.vite/deps/chunk-UTTC4PWC.js?v=bf06cd65:2506:12)
    at http://localhost:3000/src/hooks/useScrollReveal.ts?t=1780292836332:11:12
    at Array.forEach (<anonymous>)
[  645702ms] [WARNING] Invalid scope @ http://localhost:3000/node_modules/.vite/deps/chunk-UTTC4PWC.js?v=bf06cd65:86
[  645703ms] [WARNING] Invalid scope @ http://localhost:3000/node_modules/.vite/deps/chunk-UTTC4PWC.js?v=bf06cd65:86
[  645708ms] [WARNING] Invalid scope @ http://localhost:3000/node_modules/.vite/deps/chunk-UTTC4PWC.js?v=bf06cd65:86
[  645727ms] [WARNING] Invalid scope @ http://localhost:3000/node_modules/.vite/deps/chunk-UTTC4PWC.js?v=bf06cd65:86
[  645729ms] [WARNING] Invalid scope @ http://localhost:3000/node_modules/.vite/deps/chunk-UTTC4PWC.js?v=bf06cd65:86
[  645731ms] [WARNING] Invalid scope @ http://localhost:3000/node_modules/.vite/deps/chunk-UTTC4PWC.js?v=bf06cd65:86
[  645733ms] [WARNING] Invalid scope @ http://localhost:3000/node_modules/.vite/deps/chunk-UTTC4PWC.js?v=bf06cd65:86
[  645734ms] [WARNING] Invalid scope @ http://localhost:3000/node_modules/.vite/deps/chunk-UTTC4PWC.js?v=bf06cd65:86
[  645734ms] [WARNING] Invalid scope @ http://localhost:3000/node_modules/.vite/deps/chunk-UTTC4PWC.js?v=bf06cd65:86
[  645735ms] [WARNING] Invalid scope @ http://localhost:3000/node_modules/.vite/deps/chunk-UTTC4PWC.js?v=bf06cd65:86
[  645736ms] [WARNING] Invalid scope @ http://localhost:3000/node_modules/.vite/deps/chunk-UTTC4PWC.js?v=bf06cd65:86
[  645737ms] [WARNING] Invalid scope @ http://localhost:3000/node_modules/.vite/deps/chunk-UTTC4PWC.js?v=bf06cd65:86
[  645738ms] [WARNING] Invalid scope @ http://localhost:3000/node_modules/.vite/deps/chunk-UTTC4PWC.js?v=bf06cd65:86
[  645739ms] [WARNING] Invalid scope @ http://localhost:3000/node_modules/.vite/deps/chunk-UTTC4PWC.js?v=bf06cd65:86
[  645739ms] [WARNING] Invalid scope @ http://localhost:3000/node_modules/.vite/deps/chunk-UTTC4PWC.js?v=bf06cd65:86
[  645740ms] [WARNING] Invalid scope @ http://localhost:3000/node_modules/.vite/deps/chunk-UTTC4PWC.js?v=bf06cd65:86
[  645749ms] [WARNING] Invalid scope @ http://localhost:3000/node_modules/.vite/deps/chunk-UTTC4PWC.js?v=bf06cd65:86
[  645751ms] [WARNING] Invalid scope @ http://localhost:3000/node_modules/.vite/deps/chunk-UTTC4PWC.js?v=bf06cd65:86
[  645753ms] [WARNING] Invalid scope @ http://localhost:3000/node_modules/.vite/deps/chunk-UTTC4PWC.js?v=bf06cd65:86
[  645754ms] [WARNING] Invalid scope @ http://localhost:3000/node_modules/.vite/deps/chunk-UTTC4PWC.js?v=bf06cd65:86
[  645755ms] [WARNING] Invalid scope @ http://localhost:3000/node_modules/.vite/deps/chunk-UTTC4PWC.js?v=bf06cd65:86
[  645755ms] [WARNING] Invalid scope @ http://localhost:3000/node_modules/.vite/deps/chunk-UTTC4PWC.js?v=bf06cd65:86
[  645757ms] [WARNING] Invalid scope @ http://localhost:3000/node_modules/.vite/deps/chunk-UTTC4PWC.js?v=bf06cd65:86
[  645758ms] [WARNING] Invalid scope @ http://localhost:3000/node_modules/.vite/deps/chunk-UTTC4PWC.js?v=bf06cd65:86
[  645759ms] [WARNING] Invalid scope @ http://localhost:3000/node_modules/.vite/deps/chunk-UTTC4PWC.js?v=bf06cd65:86
[  645761ms] [WARNING] Invalid scope @ http://localhost:3000/node_modules/.vite/deps/chunk-UTTC4PWC.js?v=bf06cd65:86
[  645763ms] [WARNING] Invalid scope @ http://localhost:3000/node_modules/.vite/deps/chunk-UTTC4PWC.js?v=bf06cd65:86
[  645764ms] [WARNING] Invalid scope @ http://localhost:3000/node_modules/.vite/deps/chunk-UTTC4PWC.js?v=bf06cd65:86
