[     707ms] [INFO] %cDownload the React DevTools for a better development experience: https://reactjs.org/link/react-devtools font-weight:bold @ http://localhost:3000/node_modules/.vite/deps/chunk-UXDD7MME.js?v=6a5fe084:21550
[  107801ms] [WARNING] THREE.Clock: This module has been deprecated. Please use THREE.Timer instead. @ http://localhost:3000/node_modules/.vite/deps/chunk-DJGCMINP.js?v=6a5fe084:746
[  115564ms] [LOG] THREE.WebGLRenderer: Context Lost. @ http://localhost:3000/node_modules/.vite/deps/chunk-DJGCMINP.js?v=6a5fe084:721
[  148428ms] Identifier 'x' has already been declared
[  212434ms] Identifier 'x' has already been declared
[ 1156588ms] [LOG] [vite] server connection lost. Polling for restart... @ http://localhost:3000/@vite/client:559
[ 1156594ms] [ERROR] Failed to load resource: net::ERR_NETWORK_IO_SUSPENDED @ http://localhost:3000/:0
[ 2061026ms] [ERROR] Failed to load resource: net::ERR_NETWORK_CHANGED @ http://localhost:3000/src/components/charts/RadarChart.tsx:0
[ 2061026ms] [ERROR] Failed to load resource: net::ERR_NETWORK_CHANGED @ http://localhost:3000/src/components/AgentStatusCard.tsx:0
[ 2061027ms] [ERROR] Failed to load resource: net::ERR_NETWORK_CHANGED @ http://localhost:3000/src/components/GlassDevice.tsx:0
[ 2061027ms] [ERROR] Failed to load resource: net::ERR_NETWORK_CHANGED @ http://localhost:3000/src/hooks/useScrollReveal.ts:0
[ 2061027ms] [ERROR] Failed to load resource: net::ERR_NETWORK_CHANGED @ http://localhost:3000/src/pages/Dashboard.css:0
[ 2061028ms] [ERROR] Failed to load resource: net::ERR_NETWORK_CHANGED @ http://localhost:3000/src/pages/KnowledgeGraph.css:0
[ 2063658ms] [LOG] [vite] server connection lost. Polling for restart... @ http://localhost:3000/@vite/client:559
[ 2538441ms] [ERROR] Failed to load resource: net::ERR_NETWORK_IO_SUSPENDED @ http://localhost:3000/:0
[ 2543822ms] [INFO] %cDownload the React DevTools for a better development experience: https://reactjs.org/link/react-devtools font-weight:bold @ http://localhost:3000/node_modules/.vite/deps/chunk-UXDD7MME.js?v=6a5fe084:21550
[ 2694738ms] [WARNING] THREE.Clock: This module has been deprecated. Please use THREE.Timer instead. @ http://localhost:3000/node_modules/.vite/deps/chunk-DJGCMINP.js?v=6a5fe084:746
[ 2697066ms] [LOG] THREE.WebGLRenderer: Context Lost. @ http://localhost:3000/node_modules/.vite/deps/chunk-DJGCMINP.js?v=6a5fe084:721
[ 2894085ms] Identifier 'x' has already been declared
[ 9847834ms] [LOG] [vite] server connection lost. Polling for restart... @ http://localhost:3000/@vite/client:559
[10316235ms] [ERROR] Failed to load resource: net::ERR_NETWORK_IO_SUSPENDED @ http://localhost:3000/:0
[10323334ms] [INFO] %cDownload the React DevTools for a better development experience: https://reactjs.org/link/react-devtools font-weight:bold @ http://localhost:3000/node_modules/.vite/deps/chunk-UXDD7MME.js?v=6a5fe084:21550
[11669388ms] [WARNING] THREE.Clock: This module has been deprecated. Please use THREE.Timer instead. @ http://localhost:3000/node_modules/.vite/deps/chunk-DJGCMINP.js?v=6a5fe084:746
[11671964ms] [LOG] THREE.WebGLRenderer: Context Lost. @ http://localhost:3000/node_modules/.vite/deps/chunk-DJGCMINP.js?v=6a5fe084:721
[11766371ms] [LOG] [vite] server connection lost. Polling for restart... @ http://localhost:3000/@vite/client:559
[11766375ms] [ERROR] Failed to load resource: net::ERR_NETWORK_IO_SUSPENDED @ http://localhost:3000/:0
[11772404ms] [INFO] %cDownload the React DevTools for a better development experience: https://reactjs.org/link/react-devtools font-weight:bold @ http://localhost:3000/node_modules/.vite/deps/chunk-UXDD7MME.js?v=6a5fe084:21550
[11841952ms] [LOG] [vite] server connection lost. Polling for restart... @ http://localhost:3000/@vite/client:559
[11841961ms] [ERROR] Failed to load resource: net::ERR_NETWORK_IO_SUSPENDED @ http://localhost:3000/:0
[12109065ms] [INFO] %cDownload the React DevTools for a better development experience: https://reactjs.org/link/react-devtools font-weight:bold @ http://localhost:3000/node_modules/.vite/deps/chunk-UXDD7MME.js?v=6a5fe084:21550
[12251693ms] [WARNING] THREE.Clock: This module has been deprecated. Please use THREE.Timer instead. @ http://localhost:3000/node_modules/.vite/deps/chunk-DJGCMINP.js?v=6a5fe084:746
[12256091ms] [LOG] THREE.WebGLRenderer: Context Lost. @ http://localhost:3000/node_modules/.vite/deps/chunk-DJGCMINP.js?v=6a5fe084:721
