[    5601ms] [INFO] %cDownload the React DevTools for a better development experience: https://reactjs.org/link/react-devtools font-weight:bold @ http://localhost:3002/node_modules/.vite/deps/chunk-UXDD7MME.js?v=863beebe:21550
[   25244ms] [WARNING] THREE.Clock: This module has been deprecated. Please use THREE.Timer instead. @ http://localhost:3002/node_modules/.vite/deps/chunk-DJGCMINP.js?v=863beebe:746
[   59127ms] [LOG] THREE.WebGLRenderer: Context Lost. @ http://localhost:3002/node_modules/.vite/deps/chunk-DJGCMINP.js?v=863beebe:721
[   80733ms] [INFO] %cDownload the React DevTools for a better development experience: https://reactjs.org/link/react-devtools font-weight:bold @ http://localhost:3002/node_modules/.vite/deps/chunk-UXDD7MME.js?v=863beebe:21550
[   91337ms] [WARNING] THREE.Clock: This module has been deprecated. Please use THREE.Timer instead. @ http://localhost:3002/node_modules/.vite/deps/chunk-DJGCMINP.js?v=863beebe:746
[  804250ms] [INFO] %cDownload the React DevTools for a better development experience: https://reactjs.org/link/react-devtools font-weight:bold @ http://localhost:3002/node_modules/.vite/deps/chunk-UXDD7MME.js?v=863beebe:21550
[  809947ms] [WARNING] THREE.Clock: This module has been deprecated. Please use THREE.Timer instead. @ http://localhost:3002/node_modules/.vite/deps/chunk-DJGCMINP.js?v=863beebe:746
[  839449ms] [LOG] THREE.WebGLRenderer: Context Lost. @ http://localhost:3002/node_modules/.vite/deps/chunk-DJGCMINP.js?v=863beebe:721
[  905985ms] [INFO] %cDownload the React DevTools for a better development experience: https://reactjs.org/link/react-devtools font-weight:bold @ http://localhost:3002/node_modules/.vite/deps/chunk-UXDD7MME.js?v=863beebe:21550
[  952514ms] [WARNING] THREE.Clock: This module has been deprecated. Please use THREE.Timer instead. @ http://localhost:3002/node_modules/.vite/deps/chunk-DJGCMINP.js?v=863beebe:746
[  960257ms] [LOG] THREE.WebGLRenderer: Context Lost. @ http://localhost:3002/node_modules/.vite/deps/chunk-DJGCMINP.js?v=863beebe:721
[ 1061267ms] [WARNING] Note: Some companies are required to obtain a license to use Remotion. See: https://remotion.dev/license
Pass the `acknowledgeRemotionLicense` prop to `<Player />` function to make this message disappear. @ http://localhost:3002/node_modules/.vite/deps/chunk-IFLNGKIO.js?v=863beebe:932
[ 3235481ms] [LOG] [vite] server connection lost. Polling for restart... @ http://localhost:3002/@vite/client:559
[ 3235487ms] [ERROR] Failed to load resource: net::ERR_NETWORK_IO_SUSPENDED @ http://localhost:3002/:0
[ 4166711ms] [INFO] %cDownload the React DevTools for a better development experience: https://reactjs.org/link/react-devtools font-weight:bold @ http://localhost:3002/node_modules/.vite/deps/chunk-UXDD7MME.js?v=863beebe:21550
[ 7214187ms] [ERROR] Failed to load resource: net::ERR_NETWORK_IO_SUSPENDED @ http://localhost:3002/favicon.svg:0
[ 7214187ms] [LOG] [vite] server connection lost. Polling for restart... @ http://localhost:3002/@vite/client:559
[ 7216668ms] [ERROR] Failed to load resource: net::ERR_NETWORK_CHANGED @ http://localhost:3002/src/pages/Dashboard.css:0
[ 7216668ms] [ERROR] Failed to load resource: net::ERR_NETWORK_CHANGED @ http://localhost:3002/src/components/LearningPathCard.css:0
[ 7216739ms] [ERROR] Failed to load resource: net::ERR_NETWORK_CHANGED @ http://localhost:3002/src/hooks/useCountUp.ts:0
[ 9017421ms] [INFO] %cDownload the React DevTools for a better development experience: https://reactjs.org/link/react-devtools font-weight:bold @ http://localhost:3002/node_modules/.vite/deps/chunk-UXDD7MME.js?v=863beebe:21550
[ 9023211ms] [WARNING] THREE.Clock: This module has been deprecated. Please use THREE.Timer instead. @ http://localhost:3002/node_modules/.vite/deps/chunk-DJGCMINP.js?v=863beebe:746
[ 9036882ms] [LOG] THREE.WebGLRenderer: Context Lost. @ http://localhost:3002/node_modules/.vite/deps/chunk-DJGCMINP.js?v=863beebe:721
[ 9052923ms] [WARNING] Note: Some companies are required to obtain a license to use Remotion. See: https://remotion.dev/license
Pass the `acknowledgeRemotionLicense` prop to `<Player />` function to make this message disappear. @ http://localhost:3002/node_modules/.vite/deps/chunk-IFLNGKIO.js?v=863beebe:932
[ 9155042ms] [INFO] %cDownload the React DevTools for a better development experience: https://reactjs.org/link/react-devtools font-weight:bold @ http://localhost:3002/node_modules/.vite/deps/chunk-UXDD7MME.js?v=863beebe:21550
[ 9158463ms] [WARNING] THREE.Clock: This module has been deprecated. Please use THREE.Timer instead. @ http://localhost:3002/node_modules/.vite/deps/chunk-DJGCMINP.js?v=863beebe:746
[ 9172170ms] [LOG] THREE.WebGLRenderer: Context Lost. @ http://localhost:3002/node_modules/.vite/deps/chunk-DJGCMINP.js?v=863beebe:721
