[     129ms] [INFO] %cDownload the React DevTools for a better development experience: https://reactjs.org/link/react-devtools font-weight:bold @ http://localhost:3000/node_modules/.vite/deps/chunk-PJEEZAML.js?v=40a698c2:21550
[     318ms] [WARNING] Failed to decode downloaded font: http://localhost:3000/files/noto-sans-sc-119-500-normal.woff2 @ http://localhost:3000/:0
[     318ms] [WARNING] OTS parsing error: invalid sfntVersion: 1008813135 @ http://localhost:3000/:0
[     318ms] [WARNING] Failed to decode downloaded font: http://localhost:3000/files/noto-sans-sc-118-500-normal.woff2 @ http://localhost:3000/:0
[     318ms] [WARNING] OTS parsing error: invalid sfntVersion: 1008813135 @ http://localhost:3000/:0
[     319ms] [WARNING] Failed to decode downloaded font: http://localhost:3000/files/noto-sans-sc-117-500-normal.woff2 @ http://localhost:3000/:0
[     319ms] [WARNING] OTS parsing error: invalid sfntVersion: 1008813135 @ http://localhost:3000/:0
[     319ms] [WARNING] Failed to decode downloaded font: http://localhost:3000/files/noto-sans-sc-107-500-normal.woff2 @ http://localhost:3000/:0
[     319ms] [WARNING] OTS parsing error: invalid sfntVersion: 1008813135 @ http://localhost:3000/:0
[     320ms] [WARNING] Failed to decode downloaded font: http://localhost:3000/files/noto-sans-sc-119-400-normal.woff2 @ http://localhost:3000/:0
[     320ms] [WARNING] OTS parsing error: invalid sfntVersion: 1008813135 @ http://localhost:3000/:0
[     321ms] [WARNING] Failed to decode downloaded font: http://localhost:3000/files/noto-sans-sc-118-400-normal.woff2 @ http://localhost:3000/:0
[     321ms] [WARNING] OTS parsing error: invalid sfntVersion: 1008813135 @ http://localhost:3000/:0
[     321ms] [WARNING] Failed to decode downloaded font: http://localhost:3000/files/noto-sans-sc-117-400-normal.woff2 @ http://localhost:3000/:0
[     321ms] [WARNING] OTS parsing error: invalid sfntVersion: 1008813135 @ http://localhost:3000/:0
[     322ms] [WARNING] Failed to decode downloaded font: http://localhost:3000/files/noto-sans-sc-116-400-normal.woff2 @ http://localhost:3000/:0
[     322ms] [WARNING] OTS parsing error: invalid sfntVersion: 1008813135 @ http://localhost:3000/:0
[     402ms] [WARNING] Failed to decode downloaded font: http://localhost:3000/files/noto-sans-sc-115-400-normal.woff2 @ http://localhost:3000/:0
[     403ms] [WARNING] OTS parsing error: invalid sfntVersion: 1008813135 @ http://localhost:3000/:0
[     403ms] [WARNING] Failed to decode downloaded font: http://localhost:3000/files/noto-sans-sc-114-400-normal.woff2 @ http://localhost:3000/:0
[     403ms] [WARNING] OTS parsing error: invalid sfntVersion: 1008813135 @ http://localhost:3000/:0
[     404ms] [WARNING] Failed to decode downloaded font: http://localhost:3000/files/noto-sans-sc-113-400-normal.woff2 @ http://localhost:3000/:0
[     404ms] [WARNING] OTS parsing error: invalid sfntVersion: 1008813135 @ http://localhost:3000/:0
[     404ms] [WARNING] Failed to decode downloaded font: http://localhost:3000/files/noto-sans-sc-112-400-normal.woff2 @ http://localhost:3000/:0
[     404ms] [WARNING] OTS parsing error: invalid sfntVersion: 1008813135 @ http://localhost:3000/:0
[     405ms] [WARNING] Failed to decode downloaded font: http://localhost:3000/files/noto-sans-sc-111-400-normal.woff2 @ http://localhost:3000/:0
[     405ms] [WARNING] OTS parsing error: invalid sfntVersion: 1008813135 @ http://localhost:3000/:0
[     405ms] [WARNING] Failed to decode downloaded font: http://localhost:3000/files/noto-sans-sc-107-400-normal.woff2 @ http://localhost:3000/:0
[     405ms] [WARNING] OTS parsing error: invalid sfntVersion: 1008813135 @ http://localhost:3000/:0
[     406ms] [WARNING] Failed to decode downloaded font: http://localhost:3000/files/noto-sans-sc-119-700-normal.woff2 @ http://localhost:3000/:0
[     406ms] [WARNING] OTS parsing error: invalid sfntVersion: 1008813135 @ http://localhost:3000/:0
[     407ms] [WARNING] Failed to decode downloaded font: http://localhost:3000/files/noto-sans-sc-118-700-normal.woff2 @ http://localhost:3000/:0
[     407ms] [WARNING] OTS parsing error: invalid sfntVersion: 1008813135 @ http://localhost:3000/:0
[     408ms] [WARNING] Failed to decode downloaded font: http://localhost:3000/files/noto-sans-sc-115-700-normal.woff2 @ http://localhost:3000/:0
[     408ms] [WARNING] OTS parsing error: invalid sfntVersion: 1008813135 @ http://localhost:3000/:0
[     408ms] [WARNING] Failed to decode downloaded font: http://localhost:3000/files/noto-sans-sc-116-500-normal.woff2 @ http://localhost:3000/:0
[     408ms] [WARNING] OTS parsing error: invalid sfntVersion: 1008813135 @ http://localhost:3000/:0
[     409ms] [WARNING] Failed to decode downloaded font: http://localhost:3000/files/noto-sans-sc-115-500-normal.woff2 @ http://localhost:3000/:0
[     409ms] [WARNING] OTS parsing error: invalid sfntVersion: 1008813135 @ http://localhost:3000/:0
[     410ms] [WARNING] Failed to decode downloaded font: http://localhost:3000/files/noto-sans-sc-114-500-normal.woff2 @ http://localhost:3000/:0
[     410ms] [WARNING] OTS parsing error: invalid sfntVersion: 1008813135 @ http://localhost:3000/:0
[     411ms] [WARNING] Failed to decode downloaded font: http://localhost:3000/files/noto-sans-sc-117-700-normal.woff2 @ http://localhost:3000/:0
[     411ms] [WARNING] OTS parsing error: invalid sfntVersion: 1008813135 @ http://localhost:3000/:0
[     411ms] [WARNING] Failed to decode downloaded font: http://localhost:3000/files/noto-sans-sc-113-500-normal.woff2 @ http://localhost:3000/:0
[     412ms] [WARNING] OTS parsing error: invalid sfntVersion: 1008813135 @ http://localhost:3000/:0
[     412ms] [WARNING] Failed to decode downloaded font: http://localhost:3000/files/noto-sans-sc-111-500-normal.woff2 @ http://localhost:3000/:0
[     412ms] [WARNING] OTS parsing error: invalid sfntVersion: 1008813135 @ http://localhost:3000/:0
[     435ms] [WARNING] Failed to decode downloaded font: http://localhost:3000/files/noto-sans-sc-106-500-normal.woff2 @ http://localhost:3000/:0
[     435ms] [WARNING] OTS parsing error: invalid sfntVersion: 1008813135 @ http://localhost:3000/:0
[     435ms] [WARNING] Failed to decode downloaded font: http://localhost:3000/files/noto-sans-sc-110-500-normal.woff2 @ http://localhost:3000/:0
[     435ms] [WARNING] OTS parsing error: invalid sfntVersion: 1008813135 @ http://localhost:3000/:0
[     518ms] [WARNING] Failed to decode downloaded font: http://localhost:3000/files/noto-sans-sc-113-700-normal.woff2 @ http://localhost:3000/:0
[     518ms] [WARNING] OTS parsing error: invalid sfntVersion: 1008813135 @ http://localhost:3000/:0
[     519ms] [WARNING] Failed to decode downloaded font: http://localhost:3000/files/noto-sans-sc-112-700-normal.woff2 @ http://localhost:3000/:0
[     519ms] [WARNING] OTS parsing error: invalid sfntVersion: 1008813135 @ http://localhost:3000/:0
[     519ms] [WARNING] Failed to decode downloaded font: http://localhost:3000/files/noto-sans-sc-116-700-normal.woff2 @ http://localhost:3000/:0
[     519ms] [WARNING] OTS parsing error: invalid sfntVersion: 1008813135 @ http://localhost:3000/:0
[     520ms] [WARNING] Failed to decode downloaded font: http://localhost:3000/files/noto-sans-sc-111-700-normal.woff2 @ http://localhost:3000/:0
[     520ms] [WARNING] OTS parsing error: invalid sfntVersion: 1008813135 @ http://localhost:3000/:0
[     520ms] [WARNING] Failed to decode downloaded font: http://localhost:3000/files/noto-sans-sc-114-700-normal.woff2 @ http://localhost:3000/:0
[     521ms] [WARNING] OTS parsing error: invalid sfntVersion: 1008813135 @ http://localhost:3000/:0
[     521ms] [WARNING] Failed to decode downloaded font: http://localhost:3000/files/noto-sans-sc-110-400-normal.woff2 @ http://localhost:3000/:0
[     521ms] [WARNING] OTS parsing error: invalid sfntVersion: 1008813135 @ http://localhost:3000/:0
[     521ms] [WARNING] Failed to decode downloaded font: http://localhost:3000/files/noto-sans-sc-104-400-normal.woff2 @ http://localhost:3000/:0
[     521ms] [WARNING] OTS parsing error: invalid sfntVersion: 1008813135 @ http://localhost:3000/:0
[     522ms] [WARNING] Failed to decode downloaded font: http://localhost:3000/files/noto-sans-sc-110-700-normal.woff2 @ http://localhost:3000/:0
[     522ms] [WARNING] OTS parsing error: invalid sfntVersion: 1008813135 @ http://localhost:3000/:0
[     522ms] [WARNING] Failed to decode downloaded font: http://localhost:3000/files/noto-sans-sc-54-500-normal.woff2 @ http://localhost:3000/:0
[     522ms] [WARNING] OTS parsing error: invalid sfntVersion: 1008813135 @ http://localhost:3000/:0
[     522ms] [WARNING] Failed to decode downloaded font: http://localhost:3000/files/noto-sans-sc-103-500-normal.woff2 @ http://localhost:3000/:0
[     523ms] [WARNING] OTS parsing error: invalid sfntVersion: 1008813135 @ http://localhost:3000/:0
[     523ms] [WARNING] Failed to decode downloaded font: http://localhost:3000/files/noto-sans-sc-112-500-normal.woff2 @ http://localhost:3000/:0
[     523ms] [WARNING] OTS parsing error: invalid sfntVersion: 1008813135 @ http://localhost:3000/:0
[     523ms] [WARNING] Failed to decode downloaded font: http://localhost:3000/files/noto-sans-sc-87-400-normal.woff2 @ http://localhost:3000/:0
[     524ms] [WARNING] OTS parsing error: invalid sfntVersion: 1008813135 @ http://localhost:3000/:0
[     524ms] [WARNING] Failed to decode downloaded font: http://localhost:3000/files/noto-sans-sc-102-700-normal.woff2 @ http://localhost:3000/:0
[     524ms] [WARNING] OTS parsing error: invalid sfntVersion: 1008813135 @ http://localhost:3000/:0
[     526ms] [WARNING] Failed to decode downloaded font: http://localhost:3000/files/noto-sans-sc-109-400-normal.woff2 @ http://localhost:3000/:0
[     526ms] [WARNING] OTS parsing error: invalid sfntVersion: 1008813135 @ http://localhost:3000/:0
[     527ms] [WARNING] Failed to decode downloaded font: http://localhost:3000/files/noto-sans-sc-108-400-normal.woff2 @ http://localhost:3000/:0
[     527ms] [WARNING] OTS parsing error: invalid sfntVersion: 1008813135 @ http://localhost:3000/:0
[     615ms] [WARNING] Failed to decode downloaded font: http://localhost:3000/files/noto-sans-sc-87-400-normal.woff @ http://localhost:3000/:0
[     615ms] [WARNING] OTS parsing error: invalid sfntVersion: 1008813135 @ http://localhost:3000/:0
[  341476ms] [INFO] %cDownload the React DevTools for a better development experience: https://reactjs.org/link/react-devtools font-weight:bold @ http://localhost:3000/node_modules/.vite/deps/chunk-PJEEZAML.js?v=40a698c2:21550
[  374116ms] [INFO] %cDownload the React DevTools for a better development experience: https://reactjs.org/link/react-devtools font-weight:bold @ http://localhost:3000/node_modules/.vite/deps/chunk-PJEEZAML.js?v=40a698c2:21550
