[    2059ms] [ERROR] Failed to load resource: net::ERR_PROXY_CONNECTION_FAILED @ https://fonts.googleapis.com/css2?family=Plus+Jakarta+Sans:wght@400;500;600;700&family=JetBrains+Mono:wght@400;500&display=swap:0
[    2062ms] [INFO] %cDownload the React DevTools for a better development experience: https://reactjs.org/link/react-devtools font-weight:bold @ http://localhost:3000/node_modules/.vite/deps/chunk-PJEEZAML.js?v=fd8b54f1:21550
[  608892ms] [ERROR] Failed to load resource: net::ERR_PROXY_CONNECTION_FAILED @ https://fonts.googleapis.com/css2?family=Plus+Jakarta+Sans:wght@400;500;600;700&family=JetBrains+Mono:wght@400;500&display=swap:0
[  608925ms] [INFO] %cDownload the React DevTools for a better development experience: https://reactjs.org/link/react-devtools font-weight:bold @ http://localhost:3000/node_modules/.vite/deps/chunk-PJEEZAML.js?v=fd8b54f1:21550
[ 6722162ms] [LOG] [vite] server connection lost. Polling for restart... @ http://localhost:3000/@vite/client:559
[ 6725927ms] [ERROR] Failed to load resource: net::ERR_PROXY_CONNECTION_FAILED @ https://fonts.googleapis.com/css2?family=Plus+Jakarta+Sans:wght@400;500;600;700&family=JetBrains+Mono:wght@400;500&display=swap:0
[ 6725976ms] [INFO] %cDownload the React DevTools for a better development experience: https://reactjs.org/link/react-devtools font-weight:bold @ http://localhost:3000/node_modules/.vite/deps/chunk-PJEEZAML.js?v=fd8b54f1:21550
[ 6728790ms] [LOG] [vite] server connection lost. Polling for restart... @ http://localhost:3000/@vite/client:559
[ 6814699ms] [ERROR] Failed to load resource: net::ERR_NETWORK_IO_SUSPENDED @ http://localhost:3000/:0
[ 6816640ms] [ERROR] Failed to load resource: net::ERR_NETWORK_CHANGED @ https://fonts.googleapis.com/css2?family=Plus+Jakarta+Sans:wght@400;500;600;700&family=JetBrains+Mono:wght@400;500&display=swap:0
[ 6816729ms] [INFO] %cDownload the React DevTools for a better development experience: https://reactjs.org/link/react-devtools font-weight:bold @ http://localhost:3000/node_modules/.vite/deps/chunk-PJEEZAML.js?v=fd8b54f1:21550
[ 6818092ms] [LOG] [vite] server connection lost. Polling for restart... @ http://localhost:3000/@vite/client:559
[ 6917705ms] [ERROR] Failed to load resource: net::ERR_NETWORK_IO_SUSPENDED @ http://localhost:3000/:0
[ 6918743ms] [ERROR] Failed to load resource: net::ERR_NETWORK_IO_SUSPENDED @ http://localhost:3000/:0
[ 6922200ms] [ERROR] Failed to load resource: net::ERR_NETWORK_CHANGED @ https://fonts.googleapis.com/css2?family=Plus+Jakarta+Sans:wght@400;500;600;700&family=JetBrains+Mono:wght@400;500&display=swap:0
[ 6922207ms] [INFO] %cDownload the React DevTools for a better development experience: https://reactjs.org/link/react-devtools font-weight:bold @ http://localhost:3000/node_modules/.vite/deps/chunk-PJEEZAML.js?v=fd8b54f1:21550
[ 7831430ms] [ERROR] Failed to load resource: net::ERR_PROXY_CONNECTION_FAILED @ https://fonts.googleapis.com/css2?family=Plus+Jakarta+Sans:wght@400;500;600;700&family=JetBrains+Mono:wght@400;500&display=swap:0
[ 7831436ms] [INFO] %cDownload the React DevTools for a better development experience: https://reactjs.org/link/react-devtools font-weight:bold @ http://localhost:3000/node_modules/.vite/deps/chunk-PJEEZAML.js?v=fd8b54f1:21550
[11860440ms] [ERROR] Failed to load resource: net::ERR_PROXY_CONNECTION_FAILED @ https://fonts.googleapis.com/css2?family=Plus+Jakarta+Sans:wght@400;500;600;700&family=JetBrains+Mono:wght@400;500&display=swap:0
[11860492ms] [INFO] %cDownload the React DevTools for a better development experience: https://reactjs.org/link/react-devtools font-weight:bold @ http://localhost:3000/node_modules/.vite/deps/chunk-PJEEZAML.js?v=fd8b54f1:21550
[13560585ms] [ERROR] Failed to load resource: net::ERR_PROXY_CONNECTION_FAILED @ https://fonts.googleapis.com/css2?family=Plus+Jakarta+Sans:wght@400;500;600;700&family=JetBrains+Mono:wght@400;500&display=swap:0
[13560622ms] [INFO] %cDownload the React DevTools for a better development experience: https://reactjs.org/link/react-devtools font-weight:bold @ http://localhost:3000/node_modules/.vite/deps/chunk-PJEEZAML.js?v=fd8b54f1:21550
[13607333ms] [ERROR] Failed to load resource: net::ERR_PROXY_CONNECTION_FAILED @ https://fonts.googleapis.com/css2?family=Plus+Jakarta+Sans:wght@400;500;600;700&family=JetBrains+Mono:wght@400;500&display=swap:0
[13607365ms] [INFO] %cDownload the React DevTools for a better development experience: https://reactjs.org/link/react-devtools font-weight:bold @ http://localhost:3000/node_modules/.vite/deps/chunk-PJEEZAML.js?v=fd8b54f1:21550
