[    2043ms] [ERROR] Failed to load resource: net::ERR_PROXY_CONNECTION_FAILED @ https://fonts.googleapis.com/css2?family=Plus+Jakarta+Sans:wght@400;500;600;700&family=JetBrains+Mono:wght@400;500&display=swap:0
[    2048ms] [INFO] %cDownload the React DevTools for a better development experience: https://reactjs.org/link/react-devtools font-weight:bold @ http://localhost:3001/node_modules/.vite/deps/chunk-PJEEZAML.js?v=6c79b727:21550
[  549684ms] ReferenceError: IsometricCube is not defined
    at Dashboard (http://localhost:3001/src/pages/Dashboard.tsx?t=1779971037446:879:105)
    at renderWithHooks (http://localhost:3001/node_modules/.vite/deps/chunk-PJEEZAML.js?v=6c79b727:11548:26)
    at updateFunctionComponent (http://localhost:3001/node_modules/.vite/deps/chunk-PJEEZAML.js?v=6c79b727:14582:28)
    at beginWork (http://localhost:3001/node_modules/.vite/deps/chunk-PJEEZAML.js?v=6c79b727:15924:22)
    at HTMLUnknownElement.callCallback2 (http://localhost:3001/node_modules/.vite/deps/chunk-PJEEZAML.js?v=6c79b727:3674:22)
    at Object.invokeGuardedCallbackDev (http://localhost:3001/node_modules/.vite/deps/chunk-PJEEZAML.js?v=6c79b727:3699:24)
    at invokeGuardedCallback (http://localhost:3001/node_modules/.vite/deps/chunk-PJEEZAML.js?v=6c79b727:3733:39)
    at beginWork$1 (http://localhost:3001/node_modules/.vite/deps/chunk-PJEEZAML.js?v=6c79b727:19765:15)
    at performUnitOfWork (http://localhost:3001/node_modules/.vite/deps/chunk-PJEEZAML.js?v=6c79b727:19198:20)
    at workLoopSync (http://localhost:3001/node_modules/.vite/deps/chunk-PJEEZAML.js?v=6c79b727:19137:13)
[  549685ms] ReferenceError: IsometricCube is not defined
    at Dashboard (http://localhost:3001/src/pages/Dashboard.tsx?t=1779971037446:879:105)
    at renderWithHooks (http://localhost:3001/node_modules/.vite/deps/chunk-PJEEZAML.js?v=6c79b727:11548:26)
    at updateFunctionComponent (http://localhost:3001/node_modules/.vite/deps/chunk-PJEEZAML.js?v=6c79b727:14582:28)
    at beginWork (http://localhost:3001/node_modules/.vite/deps/chunk-PJEEZAML.js?v=6c79b727:15924:22)
    at HTMLUnknownElement.callCallback2 (http://localhost:3001/node_modules/.vite/deps/chunk-PJEEZAML.js?v=6c79b727:3674:22)
    at Object.invokeGuardedCallbackDev (http://localhost:3001/node_modules/.vite/deps/chunk-PJEEZAML.js?v=6c79b727:3699:24)
    at invokeGuardedCallback (http://localhost:3001/node_modules/.vite/deps/chunk-PJEEZAML.js?v=6c79b727:3733:39)
    at beginWork$1 (http://localhost:3001/node_modules/.vite/deps/chunk-PJEEZAML.js?v=6c79b727:19765:15)
    at performUnitOfWork (http://localhost:3001/node_modules/.vite/deps/chunk-PJEEZAML.js?v=6c79b727:19198:20)
    at workLoopSync (http://localhost:3001/node_modules/.vite/deps/chunk-PJEEZAML.js?v=6c79b727:19137:13)
[  549689ms] [ERROR] The above error occurred in the <Dashboard> component:

    at Dashboard (http://localhost:3001/src/pages/Dashboard.tsx?t=1779971037446:879:105)
    at div
    at MotionComponent (http://localhost:3001/node_modules/.vite/deps/framer-motion.js?v=6c79b727:945:40)
    at PresenceChild (http://localhost:3001/node_modules/.vite/deps/framer-motion.js?v=6c79b727:121:24)
    at AnimatePresence (http://localhost:3001/node_modules/.vite/deps/framer-motion.js?v=6c79b727:210:26)
    at main
    at div
    at App (http://localhost:3001/src/App.tsx?t=1779970474184:28:41)

Consider adding an error boundary to your tree to customize error handling behavior.
Visit https://reactjs.org/link/error-boundaries to learn more about error boundaries. @ http://localhost:3001/node_modules/.vite/deps/chunk-PJEEZAML.js?v=6c79b727:14031
[  549690ms] ReferenceError: IsometricCube is not defined
    at Dashboard (http://localhost:3001/src/pages/Dashboard.tsx?t=1779971037446:879:105)
    at renderWithHooks (http://localhost:3001/node_modules/.vite/deps/chunk-PJEEZAML.js?v=6c79b727:11548:26)
    at updateFunctionComponent (http://localhost:3001/node_modules/.vite/deps/chunk-PJEEZAML.js?v=6c79b727:14582:28)
    at beginWork (http://localhost:3001/node_modules/.vite/deps/chunk-PJEEZAML.js?v=6c79b727:15924:22)
    at beginWork$1 (http://localhost:3001/node_modules/.vite/deps/chunk-PJEEZAML.js?v=6c79b727:19753:22)
    at performUnitOfWork (http://localhost:3001/node_modules/.vite/deps/chunk-PJEEZAML.js?v=6c79b727:19198:20)
    at workLoopSync (http://localhost:3001/node_modules/.vite/deps/chunk-PJEEZAML.js?v=6c79b727:19137:13)
    at renderRootSync (http://localhost:3001/node_modules/.vite/deps/chunk-PJEEZAML.js?v=6c79b727:19116:15)
    at recoverFromConcurrentError (http://localhost:3001/node_modules/.vite/deps/chunk-PJEEZAML.js?v=6c79b727:18736:28)
    at performSyncWorkOnRoot (http://localhost:3001/node_modules/.vite/deps/chunk-PJEEZAML.js?v=6c79b727:18879:28)
