[   10067ms] [ERROR] Failed to load resource: net::ERR_CONNECTION_CLOSED @ https://fonts.googleapis.com/css2?family=Plus+Jakarta+Sans:wght@400;500;600;700&family=JetBrains+Mono:wght@400;500&display=swap:0
[   10104ms] [INFO] %cDownload the React DevTools for a better development experience: https://reactjs.org/link/react-devtools font-weight:bold @ http://localhost:3000/node_modules/.vite/deps/chunk-PJEEZAML.js?v=6c79b727:21550
[ 2249681ms] [INFO] %cDownload the React DevTools for a better development experience: https://reactjs.org/link/react-devtools font-weight:bold @ http://localhost:3000/node_modules/.vite/deps/chunk-PJEEZAML.js?v=6c79b727:21550
[ 2249988ms] [WARNING] Failed to decode downloaded font: http://localhost:3000/files/noto-sans-sc-latin-700-normal.woff2 @ http://localhost:3000/:0
[ 2249988ms] [WARNING] OTS parsing error: invalid sfntVersion: 1008813135 @ http://localhost:3000/:0
[ 2249988ms] [WARNING] Failed to decode downloaded font: http://localhost:3000/files/noto-sans-sc-119-500-normal.woff2 @ http://localhost:3000/:0
[ 2249989ms] [WARNING] OTS parsing error: invalid sfntVersion: 1008813135 @ http://localhost:3000/:0
[ 2249989ms] [WARNING] Failed to decode downloaded font: http://localhost:3000/files/noto-sans-sc-latin-500-normal.woff2 @ http://localhost:3000/:0
[ 2249989ms] [WARNING] OTS parsing error: invalid sfntVersion: 1008813135 @ http://localhost:3000/:0
[ 2249990ms] [WARNING] Failed to decode downloaded font: http://localhost:3000/files/noto-sans-sc-118-500-normal.woff2 @ http://localhost:3000/:0
[ 2249990ms] [WARNING] OTS parsing error: invalid sfntVersion: 1008813135 @ http://localhost:3000/:0
[ 2249991ms] [WARNING] Failed to decode downloaded font: http://localhost:3000/files/noto-sans-sc-117-500-normal.woff2 @ http://localhost:3000/:0
[ 2249991ms] [WARNING] OTS parsing error: invalid sfntVersion: 1008813135 @ http://localhost:3000/:0
[ 2249992ms] [WARNING] Failed to decode downloaded font: http://localhost:3000/files/noto-sans-sc-latin-400-normal.woff2 @ http://localhost:3000/:0
[ 2249992ms] [WARNING] OTS parsing error: invalid sfntVersion: 1008813135 @ http://localhost:3000/:0
[ 2249992ms] [WARNING] Failed to decode downloaded font: http://localhost:3000/files/noto-sans-sc-107-500-normal.woff2 @ http://localhost:3000/:0
[ 2249992ms] [WARNING] OTS parsing error: invalid sfntVersion: 1008813135 @ http://localhost:3000/:0
[ 2249993ms] [WARNING] Failed to decode downloaded font: http://localhost:3000/files/noto-sans-sc-118-400-normal.woff2 @ http://localhost:3000/:0
[ 2249993ms] [WARNING] OTS parsing error: invalid sfntVersion: 1008813135 @ http://localhost:3000/:0
[ 2249993ms] [WARNING] Failed to decode downloaded font: http://localhost:3000/files/noto-sans-sc-119-400-normal.woff2 @ http://localhost:3000/:0
[ 2249994ms] [WARNING] OTS parsing error: invalid sfntVersion: 1008813135 @ http://localhost:3000/:0
[ 2249994ms] [WARNING] Failed to decode downloaded font: http://localhost:3000/files/noto-sans-sc-117-400-normal.woff2 @ http://localhost:3000/:0
[ 2249994ms] [WARNING] OTS parsing error: invalid sfntVersion: 1008813135 @ http://localhost:3000/:0
[ 2249995ms] [WARNING] Failed to decode downloaded font: http://localhost:3000/files/noto-sans-sc-116-400-normal.woff2 @ http://localhost:3000/:0
[ 2249995ms] [WARNING] OTS parsing error: invalid sfntVersion: 1008813135 @ http://localhost:3000/:0
[ 2250105ms] [WARNING] Failed to decode downloaded font: http://localhost:3000/files/noto-sans-sc-115-400-normal.woff2 @ http://localhost:3000/:0
[ 2250105ms] [WARNING] OTS parsing error: invalid sfntVersion: 1008813135 @ http://localhost:3000/:0
[ 2250106ms] [WARNING] Failed to decode downloaded font: http://localhost:3000/files/noto-sans-sc-114-400-normal.woff2 @ http://localhost:3000/:0
[ 2250106ms] [WARNING] OTS parsing error: invalid sfntVersion: 1008813135 @ http://localhost:3000/:0
[ 2250106ms] [WARNING] Failed to decode downloaded font: http://localhost:3000/files/noto-sans-sc-113-400-normal.woff2 @ http://localhost:3000/:0
[ 2250106ms] [WARNING] OTS parsing error: invalid sfntVersion: 1008813135 @ http://localhost:3000/:0
[ 2250106ms] [WARNING] Failed to decode downloaded font: http://localhost:3000/files/noto-sans-sc-112-400-normal.woff2 @ http://localhost:3000/:0
[ 2250106ms] [WARNING] OTS parsing error: invalid sfntVersion: 1008813135 @ http://localhost:3000/:0
[ 2250107ms] [WARNING] Failed to decode downloaded font: http://localhost:3000/files/noto-sans-sc-111-400-normal.woff2 @ http://localhost:3000/:0
[ 2250107ms] [WARNING] OTS parsing error: invalid sfntVersion: 1008813135 @ http://localhost:3000/:0
[ 2250107ms] [WARNING] Failed to decode downloaded font: http://localhost:3000/files/noto-sans-sc-107-400-normal.woff2 @ http://localhost:3000/:0
[ 2250107ms] [WARNING] OTS parsing error: invalid sfntVersion: 1008813135 @ http://localhost:3000/:0
[ 2250107ms] [WARNING] Failed to decode downloaded font: http://localhost:3000/files/noto-sans-sc-119-700-normal.woff2 @ http://localhost:3000/:0
[ 2250108ms] [WARNING] OTS parsing error: invalid sfntVersion: 1008813135 @ http://localhost:3000/:0
[ 2250108ms] [WARNING] Failed to decode downloaded font: http://localhost:3000/files/noto-sans-sc-118-700-normal.woff2 @ http://localhost:3000/:0
[ 2250108ms] [WARNING] OTS parsing error: invalid sfntVersion: 1008813135 @ http://localhost:3000/:0
[ 2250108ms] [WARNING] Failed to decode downloaded font: http://localhost:3000/files/noto-sans-sc-115-700-normal.woff2 @ http://localhost:3000/:0
[ 2250108ms] [WARNING] OTS parsing error: invalid sfntVersion: 1008813135 @ http://localhost:3000/:0
[ 2250109ms] [WARNING] Failed to decode downloaded font: http://localhost:3000/files/noto-sans-sc-116-500-normal.woff2 @ http://localhost:3000/:0
[ 2250109ms] [WARNING] OTS parsing error: invalid sfntVersion: 1008813135 @ http://localhost:3000/:0
[ 2250109ms] [WARNING] Failed to decode downloaded font: http://localhost:3000/files/noto-sans-sc-115-500-normal.woff2 @ http://localhost:3000/:0
[ 2250109ms] [WARNING] OTS parsing error: invalid sfntVersion: 1008813135 @ http://localhost:3000/:0
[ 2250110ms] [WARNING] Failed to decode downloaded font: http://localhost:3000/files/noto-sans-sc-114-500-normal.woff2 @ http://localhost:3000/:0
[ 2250110ms] [WARNING] OTS parsing error: invalid sfntVersion: 1008813135 @ http://localhost:3000/:0
[ 2250110ms] [WARNING] Failed to decode downloaded font: http://localhost:3000/files/noto-sans-sc-117-700-normal.woff2 @ http://localhost:3000/:0
[ 2250110ms] [WARNING] OTS parsing error: invalid sfntVersion: 1008813135 @ http://localhost:3000/:0
[ 2250110ms] [WARNING] Failed to decode downloaded font: http://localhost:3000/files/noto-sans-sc-113-500-normal.woff2 @ http://localhost:3000/:0
[ 2250110ms] [WARNING] OTS parsing error: invalid sfntVersion: 1008813135 @ http://localhost:3000/:0
[ 2250111ms] [WARNING] Failed to decode downloaded font: http://localhost:3000/files/noto-sans-sc-111-500-normal.woff2 @ http://localhost:3000/:0
[ 2250111ms] [WARNING] OTS parsing error: invalid sfntVersion: 1008813135 @ http://localhost:3000/:0
[ 2250111ms] [WARNING] Failed to decode downloaded font: http://localhost:3000/files/noto-sans-sc-110-500-normal.woff2 @ http://localhost:3000/:0
[ 2250111ms] [WARNING] OTS parsing error: invalid sfntVersion: 1008813135 @ http://localhost:3000/:0
[ 2250112ms] [WARNING] Failed to decode downloaded font: http://localhost:3000/files/noto-sans-sc-106-500-normal.woff2 @ http://localhost:3000/:0
[ 2250112ms] [WARNING] OTS parsing error: invalid sfntVersion: 1008813135 @ http://localhost:3000/:0
[ 2250113ms] [WARNING] Failed to decode downloaded font: http://localhost:3000/files/noto-sans-sc-116-700-normal.woff2 @ http://localhost:3000/:0
[ 2250113ms] [WARNING] OTS parsing error: invalid sfntVersion: 1008813135 @ http://localhost:3000/:0
[ 2250113ms] [WARNING] Failed to decode downloaded font: http://localhost:3000/files/noto-sans-sc-113-700-normal.woff2 @ http://localhost:3000/:0
[ 2250114ms] [WARNING] OTS parsing error: invalid sfntVersion: 1008813135 @ http://localhost:3000/:0
[ 2250114ms] [WARNING] Failed to decode downloaded font: http://localhost:3000/files/noto-sans-sc-112-700-normal.woff2 @ http://localhost:3000/:0
[ 2250114ms] [WARNING] OTS parsing error: invalid sfntVersion: 1008813135 @ http://localhost:3000/:0
[ 2250114ms] [WARNING] Failed to decode downloaded font: http://localhost:3000/files/noto-sans-sc-111-700-normal.woff2 @ http://localhost:3000/:0
[ 2250115ms] [WARNING] OTS parsing error: invalid sfntVersion: 1008813135 @ http://localhost:3000/:0
[ 2250115ms] [WARNING] Failed to decode downloaded font: http://localhost:3000/files/noto-sans-sc-114-700-normal.woff2 @ http://localhost:3000/:0
[ 2250115ms] [WARNING] OTS parsing error: invalid sfntVersion: 1008813135 @ http://localhost:3000/:0
[ 2250115ms] [WARNING] Failed to decode downloaded font: http://localhost:3000/files/noto-sans-sc-110-400-normal.woff2 @ http://localhost:3000/:0
[ 2250115ms] [WARNING] OTS parsing error: invalid sfntVersion: 1008813135 @ http://localhost:3000/:0
[ 2250116ms] [WARNING] Failed to decode downloaded font: http://localhost:3000/files/noto-sans-sc-110-700-normal.woff2 @ http://localhost:3000/:0
[ 2250116ms] [WARNING] OTS parsing error: invalid sfntVersion: 1008813135 @ http://localhost:3000/:0
[ 2250116ms] [WARNING] Failed to decode downloaded font: http://localhost:3000/files/noto-sans-sc-104-400-normal.woff2 @ http://localhost:3000/:0
[ 2250116ms] [WARNING] OTS parsing error: invalid sfntVersion: 1008813135 @ http://localhost:3000/:0
[ 2250116ms] [WARNING] Failed to decode downloaded font: http://localhost:3000/files/noto-sans-sc-103-500-normal.woff2 @ http://localhost:3000/:0
[ 2250116ms] [WARNING] OTS parsing error: invalid sfntVersion: 1008813135 @ http://localhost:3000/:0
[ 2250117ms] [WARNING] Failed to decode downloaded font: http://localhost:3000/files/noto-sans-sc-54-500-normal.woff2 @ http://localhost:3000/:0
[ 2250117ms] [WARNING] OTS parsing error: invalid sfntVersion: 1008813135 @ http://localhost:3000/:0
[ 2250137ms] [WARNING] Failed to decode downloaded font: http://localhost:3000/files/noto-sans-sc-112-500-normal.woff2 @ http://localhost:3000/:0
[ 2250137ms] [WARNING] OTS parsing error: invalid sfntVersion: 1008813135 @ http://localhost:3000/:0
[ 2250137ms] [WARNING] Failed to decode downloaded font: http://localhost:3000/files/noto-sans-sc-87-400-normal.woff2 @ http://localhost:3000/:0
[ 2250138ms] [WARNING] OTS parsing error: invalid sfntVersion: 1008813135 @ http://localhost:3000/:0
[ 2250138ms] [WARNING] Failed to decode downloaded font: http://localhost:3000/files/noto-sans-sc-102-700-normal.woff2 @ http://localhost:3000/:0
[ 2250138ms] [WARNING] OTS parsing error: invalid sfntVersion: 1008813135 @ http://localhost:3000/:0
[ 2250138ms] [WARNING] Failed to decode downloaded font: http://localhost:3000/files/noto-sans-sc-109-400-normal.woff2 @ http://localhost:3000/:0
[ 2250138ms] [WARNING] OTS parsing error: invalid sfntVersion: 1008813135 @ http://localhost:3000/:0
[ 2250139ms] [WARNING] Failed to decode downloaded font: http://localhost:3000/files/noto-sans-sc-108-400-normal.woff2 @ http://localhost:3000/:0
[ 2250139ms] [WARNING] OTS parsing error: invalid sfntVersion: 1008813135 @ http://localhost:3000/:0
[ 2250140ms] [WARNING] Failed to decode downloaded font: http://localhost:3000/files/noto-sans-sc-latin-700-normal.woff @ http://localhost:3000/:0
[ 2250140ms] [WARNING] OTS parsing error: invalid sfntVersion: 1008813135 @ http://localhost:3000/:0
[ 2250150ms] [WARNING] Failed to decode downloaded font: http://localhost:3000/files/noto-sans-sc-latin-500-normal.woff @ http://localhost:3000/:0
[ 2250150ms] [WARNING] OTS parsing error: invalid sfntVersion: 1008813135 @ http://localhost:3000/:0
[ 2250159ms] [WARNING] Failed to decode downloaded font: http://localhost:3000/files/noto-sans-sc-latin-400-normal.woff @ http://localhost:3000/:0
[ 2250159ms] [WARNING] OTS parsing error: invalid sfntVersion: 1008813135 @ http://localhost:3000/:0
[ 2250280ms] [WARNING] Failed to decode downloaded font: http://localhost:3000/files/noto-sans-sc-54-500-normal.woff @ http://localhost:3000/:0
[ 2250280ms] [WARNING] OTS parsing error: invalid sfntVersion: 1008813135 @ http://localhost:3000/:0
[ 2250286ms] [WARNING] Failed to decode downloaded font: http://localhost:3000/files/noto-sans-sc-87-400-normal.woff @ http://localhost:3000/:0
[ 2250286ms] [WARNING] OTS parsing error: invalid sfntVersion: 1008813135 @ http://localhost:3000/:0
[ 2250462ms] [WARNING] Failed to decode downloaded font: http://localhost:3000/files/noto-sans-sc-106-700-normal.woff2 @ http://localhost:3000/:0
[ 2250462ms] [WARNING] OTS parsing error: invalid sfntVersion: 1008813135 @ http://localhost:3000/:0
[ 2265126ms] [WARNING] Failed to decode downloaded font: http://localhost:3000/files/noto-sans-sc-87-400-normal.woff2 @ http://localhost:3000/node_modules/.vite/deps/echarts.js?v=6c79b727:22164
[ 2265126ms] [WARNING] OTS parsing error: invalid sfntVersion: 1008813135 @ http://localhost:3000/node_modules/.vite/deps/echarts.js?v=6c79b727:22164
[ 2265126ms] [WARNING] Failed to decode downloaded font: http://localhost:3000/files/noto-sans-sc-87-400-normal.woff @ http://localhost:3000/node_modules/.vite/deps/echarts.js?v=6c79b727:22164
[ 2265126ms] [WARNING] OTS parsing error: invalid sfntVersion: 1008813135 @ http://localhost:3000/node_modules/.vite/deps/echarts.js?v=6c79b727:22164
[ 2265127ms] [WARNING] Failed to decode downloaded font: http://localhost:3000/files/noto-sans-sc-104-400-normal.woff2 @ http://localhost:3000/node_modules/.vite/deps/echarts.js?v=6c79b727:22164
[ 2265127ms] [WARNING] OTS parsing error: invalid sfntVersion: 1008813135 @ http://localhost:3000/node_modules/.vite/deps/echarts.js?v=6c79b727:22164
[ 2265127ms] [WARNING] Failed to decode downloaded font: http://localhost:3000/files/noto-sans-sc-107-400-normal.woff2 @ http://localhost:3000/node_modules/.vite/deps/echarts.js?v=6c79b727:22164
[ 2265127ms] [WARNING] OTS parsing error: invalid sfntVersion: 1008813135 @ http://localhost:3000/node_modules/.vite/deps/echarts.js?v=6c79b727:22164
[ 2265127ms] [WARNING] Failed to decode downloaded font: http://localhost:3000/files/noto-sans-sc-108-400-normal.woff2 @ http://localhost:3000/node_modules/.vite/deps/echarts.js?v=6c79b727:22164
[ 2265127ms] [WARNING] OTS parsing error: invalid sfntVersion: 1008813135 @ http://localhost:3000/node_modules/.vite/deps/echarts.js?v=6c79b727:22164
[ 2265127ms] [WARNING] Failed to decode downloaded font: http://localhost:3000/files/noto-sans-sc-109-400-normal.woff2 @ http://localhost:3000/node_modules/.vite/deps/echarts.js?v=6c79b727:22164
[ 2265127ms] [WARNING] OTS parsing error: invalid sfntVersion: 1008813135 @ http://localhost:3000/node_modules/.vite/deps/echarts.js?v=6c79b727:22164
[ 2265128ms] [WARNING] Failed to decode downloaded font: http://localhost:3000/files/noto-sans-sc-110-400-normal.woff2 @ http://localhost:3000/node_modules/.vite/deps/echarts.js?v=6c79b727:22164
[ 2265129ms] [WARNING] OTS parsing error: invalid sfntVersion: 1008813135 @ http://localhost:3000/node_modules/.vite/deps/echarts.js?v=6c79b727:22164
[ 2265130ms] [WARNING] Failed to decode downloaded font: http://localhost:3000/files/noto-sans-sc-111-400-normal.woff2 @ http://localhost:3000/node_modules/.vite/deps/echarts.js?v=6c79b727:22164
[ 2265130ms] [WARNING] OTS parsing error: invalid sfntVersion: 1008813135 @ http://localhost:3000/node_modules/.vite/deps/echarts.js?v=6c79b727:22164
[ 2265130ms] [WARNING] Failed to decode downloaded font: http://localhost:3000/files/noto-sans-sc-112-400-normal.woff2 @ http://localhost:3000/node_modules/.vite/deps/echarts.js?v=6c79b727:22164
[ 2265131ms] [WARNING] OTS parsing error: invalid sfntVersion: 1008813135 @ http://localhost:3000/node_modules/.vite/deps/echarts.js?v=6c79b727:22164
[ 2265131ms] [WARNING] Failed to decode downloaded font: http://localhost:3000/files/noto-sans-sc-113-400-normal.woff2 @ http://localhost:3000/node_modules/.vite/deps/echarts.js?v=6c79b727:22164
[ 2265131ms] [WARNING] OTS parsing error: invalid sfntVersion: 1008813135 @ http://localhost:3000/node_modules/.vite/deps/echarts.js?v=6c79b727:22164
[ 2265131ms] [WARNING] Failed to decode downloaded font: http://localhost:3000/files/noto-sans-sc-114-400-normal.woff2 @ http://localhost:3000/node_modules/.vite/deps/echarts.js?v=6c79b727:22164
[ 2265131ms] [WARNING] OTS parsing error: invalid sfntVersion: 1008813135 @ http://localhost:3000/node_modules/.vite/deps/echarts.js?v=6c79b727:22164
[ 2265131ms] [WARNING] Failed to decode downloaded font: http://localhost:3000/files/noto-sans-sc-115-400-normal.woff2 @ http://localhost:3000/node_modules/.vite/deps/echarts.js?v=6c79b727:22164
[ 2265131ms] [WARNING] OTS parsing error: invalid sfntVersion: 1008813135 @ http://localhost:3000/node_modules/.vite/deps/echarts.js?v=6c79b727:22164
[ 2265131ms] [WARNING] Failed to decode downloaded font: http://localhost:3000/files/noto-sans-sc-116-400-normal.woff2 @ http://localhost:3000/node_modules/.vite/deps/echarts.js?v=6c79b727:22164
[ 2265131ms] [WARNING] OTS parsing error: invalid sfntVersion: 1008813135 @ http://localhost:3000/node_modules/.vite/deps/echarts.js?v=6c79b727:22164
[ 2265133ms] [WARNING] Failed to decode downloaded font: http://localhost:3000/files/noto-sans-sc-117-400-normal.woff2 @ http://localhost:3000/node_modules/.vite/deps/echarts.js?v=6c79b727:22164
[ 2265134ms] [WARNING] OTS parsing error: invalid sfntVersion: 1008813135 @ http://localhost:3000/node_modules/.vite/deps/echarts.js?v=6c79b727:22164
[ 2265134ms] [WARNING] Failed to decode downloaded font: http://localhost:3000/files/noto-sans-sc-118-400-normal.woff2 @ http://localhost:3000/node_modules/.vite/deps/echarts.js?v=6c79b727:22164
[ 2265134ms] [WARNING] OTS parsing error: invalid sfntVersion: 1008813135 @ http://localhost:3000/node_modules/.vite/deps/echarts.js?v=6c79b727:22164
[ 2265134ms] [WARNING] Failed to decode downloaded font: http://localhost:3000/files/noto-sans-sc-119-400-normal.woff2 @ http://localhost:3000/node_modules/.vite/deps/echarts.js?v=6c79b727:22164
[ 2265134ms] [WARNING] OTS parsing error: invalid sfntVersion: 1008813135 @ http://localhost:3000/node_modules/.vite/deps/echarts.js?v=6c79b727:22164
[ 2265134ms] [WARNING] Failed to decode downloaded font: http://localhost:3000/files/noto-sans-sc-latin-400-normal.woff2 @ http://localhost:3000/node_modules/.vite/deps/echarts.js?v=6c79b727:22164
[ 2265134ms] [WARNING] OTS parsing error: invalid sfntVersion: 1008813135 @ http://localhost:3000/node_modules/.vite/deps/echarts.js?v=6c79b727:22164
[ 2265134ms] [WARNING] Failed to decode downloaded font: http://localhost:3000/files/noto-sans-sc-latin-400-normal.woff @ http://localhost:3000/node_modules/.vite/deps/echarts.js?v=6c79b727:22164
[ 2265134ms] [WARNING] OTS parsing error: invalid sfntVersion: 1008813135 @ http://localhost:3000/node_modules/.vite/deps/echarts.js?v=6c79b727:22164
[ 2265135ms] [WARNING] Failed to decode downloaded font: http://localhost:3000/files/noto-sans-sc-54-500-normal.woff2 @ http://localhost:3000/node_modules/.vite/deps/echarts.js?v=6c79b727:22164
[ 2265135ms] [WARNING] OTS parsing error: invalid sfntVersion: 1008813135 @ http://localhost:3000/node_modules/.vite/deps/echarts.js?v=6c79b727:22164
[ 2265135ms] [WARNING] Failed to decode downloaded font: http://localhost:3000/files/noto-sans-sc-54-500-normal.woff @ http://localhost:3000/node_modules/.vite/deps/echarts.js?v=6c79b727:22164
[ 2265135ms] [WARNING] OTS parsing error: invalid sfntVersion: 1008813135 @ http://localhost:3000/node_modules/.vite/deps/echarts.js?v=6c79b727:22164
[ 2265136ms] [WARNING] Failed to decode downloaded font: http://localhost:3000/files/noto-sans-sc-103-500-normal.woff2 @ http://localhost:3000/node_modules/.vite/deps/echarts.js?v=6c79b727:22164
[ 2265136ms] [WARNING] OTS parsing error: invalid sfntVersion: 1008813135 @ http://localhost:3000/node_modules/.vite/deps/echarts.js?v=6c79b727:22164
[ 2265136ms] [WARNING] Failed to decode downloaded font: http://localhost:3000/files/noto-sans-sc-106-500-normal.woff2 @ http://localhost:3000/node_modules/.vite/deps/echarts.js?v=6c79b727:22164
[ 2265136ms] [WARNING] OTS parsing error: invalid sfntVersion: 1008813135 @ http://localhost:3000/node_modules/.vite/deps/echarts.js?v=6c79b727:22164
[ 2265136ms] [WARNING] Failed to decode downloaded font: http://localhost:3000/files/noto-sans-sc-107-500-normal.woff2 @ http://localhost:3000/node_modules/.vite/deps/echarts.js?v=6c79b727:22164
[ 2265136ms] [WARNING] OTS parsing error: invalid sfntVersion: 1008813135 @ http://localhost:3000/node_modules/.vite/deps/echarts.js?v=6c79b727:22164
[ 2265136ms] [WARNING] Failed to decode downloaded font: http://localhost:3000/files/noto-sans-sc-110-500-normal.woff2 @ http://localhost:3000/node_modules/.vite/deps/echarts.js?v=6c79b727:22164
[ 2265137ms] [WARNING] OTS parsing error: invalid sfntVersion: 1008813135 @ http://localhost:3000/node_modules/.vite/deps/echarts.js?v=6c79b727:22164
[ 2265137ms] [WARNING] Failed to decode downloaded font: http://localhost:3000/files/noto-sans-sc-111-500-normal.woff2 @ http://localhost:3000/node_modules/.vite/deps/echarts.js?v=6c79b727:22164
[ 2265137ms] [WARNING] OTS parsing error: invalid sfntVersion: 1008813135 @ http://localhost:3000/node_modules/.vite/deps/echarts.js?v=6c79b727:22164
[ 2265137ms] [WARNING] Failed to decode downloaded font: http://localhost:3000/files/noto-sans-sc-112-500-normal.woff2 @ http://localhost:3000/node_modules/.vite/deps/echarts.js?v=6c79b727:22164
[ 2265137ms] [WARNING] OTS parsing error: invalid sfntVersion: 1008813135 @ http://localhost:3000/node_modules/.vite/deps/echarts.js?v=6c79b727:22164
[ 2265137ms] [WARNING] Failed to decode downloaded font: http://localhost:3000/files/noto-sans-sc-113-500-normal.woff2 @ http://localhost:3000/node_modules/.vite/deps/echarts.js?v=6c79b727:22164
[ 2265137ms] [WARNING] OTS parsing error: invalid sfntVersion: 1008813135 @ http://localhost:3000/node_modules/.vite/deps/echarts.js?v=6c79b727:22164
[ 2265138ms] [WARNING] Failed to decode downloaded font: http://localhost:3000/files/noto-sans-sc-114-500-normal.woff2 @ http://localhost:3000/node_modules/.vite/deps/echarts.js?v=6c79b727:22164
[ 2265138ms] [WARNING] OTS parsing error: invalid sfntVersion: 1008813135 @ http://localhost:3000/node_modules/.vite/deps/echarts.js?v=6c79b727:22164
[ 2265138ms] [WARNING] Failed to decode downloaded font: http://localhost:3000/files/noto-sans-sc-115-500-normal.woff2 @ http://localhost:3000/node_modules/.vite/deps/echarts.js?v=6c79b727:22164
[ 2265138ms] [WARNING] OTS parsing error: invalid sfntVersion: 1008813135 @ http://localhost:3000/node_modules/.vite/deps/echarts.js?v=6c79b727:22164
[ 2265138ms] [WARNING] Failed to decode downloaded font: http://localhost:3000/files/noto-sans-sc-116-500-normal.woff2 @ http://localhost:3000/node_modules/.vite/deps/echarts.js?v=6c79b727:22164
[ 2265138ms] [WARNING] OTS parsing error: invalid sfntVersion: 1008813135 @ http://localhost:3000/node_modules/.vite/deps/echarts.js?v=6c79b727:22164
[ 2265138ms] [WARNING] Failed to decode downloaded font: http://localhost:3000/files/noto-sans-sc-117-500-normal.woff2 @ http://localhost:3000/node_modules/.vite/deps/echarts.js?v=6c79b727:22164
[ 2265138ms] [WARNING] OTS parsing error: invalid sfntVersion: 1008813135 @ http://localhost:3000/node_modules/.vite/deps/echarts.js?v=6c79b727:22164
[ 2265139ms] [WARNING] Failed to decode downloaded font: http://localhost:3000/files/noto-sans-sc-118-500-normal.woff2 @ http://localhost:3000/node_modules/.vite/deps/echarts.js?v=6c79b727:22164
[ 2265139ms] [WARNING] OTS parsing error: invalid sfntVersion: 1008813135 @ http://localhost:3000/node_modules/.vite/deps/echarts.js?v=6c79b727:22164
[ 2265139ms] [WARNING] Failed to decode downloaded font: http://localhost:3000/files/noto-sans-sc-119-500-normal.woff2 @ http://localhost:3000/node_modules/.vite/deps/echarts.js?v=6c79b727:22164
[ 2265139ms] [WARNING] OTS parsing error: invalid sfntVersion: 1008813135 @ http://localhost:3000/node_modules/.vite/deps/echarts.js?v=6c79b727:22164
[ 2265139ms] [WARNING] Failed to decode downloaded font: http://localhost:3000/files/noto-sans-sc-latin-500-normal.woff2 @ http://localhost:3000/node_modules/.vite/deps/echarts.js?v=6c79b727:22164
[ 2265139ms] [WARNING] OTS parsing error: invalid sfntVersion: 1008813135 @ http://localhost:3000/node_modules/.vite/deps/echarts.js?v=6c79b727:22164
[ 2265139ms] [WARNING] Failed to decode downloaded font: http://localhost:3000/files/noto-sans-sc-latin-500-normal.woff @ http://localhost:3000/node_modules/.vite/deps/echarts.js?v=6c79b727:22164
[ 2265139ms] [WARNING] OTS parsing error: invalid sfntVersion: 1008813135 @ http://localhost:3000/node_modules/.vite/deps/echarts.js?v=6c79b727:22164
[ 2265140ms] [WARNING] Failed to decode downloaded font: http://localhost:3000/files/noto-sans-sc-102-700-normal.woff2 @ http://localhost:3000/node_modules/.vite/deps/echarts.js?v=6c79b727:22164
[ 2265141ms] [WARNING] OTS parsing error: invalid sfntVersion: 1008813135 @ http://localhost:3000/node_modules/.vite/deps/echarts.js?v=6c79b727:22164
[ 2265141ms] [WARNING] Failed to decode downloaded font: http://localhost:3000/files/noto-sans-sc-106-700-normal.woff2 @ http://localhost:3000/node_modules/.vite/deps/echarts.js?v=6c79b727:22164
[ 2265141ms] [WARNING] OTS parsing error: invalid sfntVersion: 1008813135 @ http://localhost:3000/node_modules/.vite/deps/echarts.js?v=6c79b727:22164
[ 2265141ms] [WARNING] Failed to decode downloaded font: http://localhost:3000/files/noto-sans-sc-110-700-normal.woff2 @ http://localhost:3000/node_modules/.vite/deps/echarts.js?v=6c79b727:22164
[ 2265141ms] [WARNING] OTS parsing error: invalid sfntVersion: 1008813135 @ http://localhost:3000/node_modules/.vite/deps/echarts.js?v=6c79b727:22164
[ 2265141ms] [WARNING] Failed to decode downloaded font: http://localhost:3000/files/noto-sans-sc-111-700-normal.woff2 @ http://localhost:3000/node_modules/.vite/deps/echarts.js?v=6c79b727:22164
[ 2265141ms] [WARNING] OTS parsing error: invalid sfntVersion: 1008813135 @ http://localhost:3000/node_modules/.vite/deps/echarts.js?v=6c79b727:22164
[ 2265141ms] [WARNING] Failed to decode downloaded font: http://localhost:3000/files/noto-sans-sc-112-700-normal.woff2 @ http://localhost:3000/node_modules/.vite/deps/echarts.js?v=6c79b727:22164
[ 2265141ms] [WARNING] OTS parsing error: invalid sfntVersion: 1008813135 @ http://localhost:3000/node_modules/.vite/deps/echarts.js?v=6c79b727:22164
[ 2265142ms] [WARNING] Failed to decode downloaded font: http://localhost:3000/files/noto-sans-sc-113-700-normal.woff2 @ http://localhost:3000/node_modules/.vite/deps/echarts.js?v=6c79b727:22164
[ 2265142ms] [WARNING] OTS parsing error: invalid sfntVersion: 1008813135 @ http://localhost:3000/node_modules/.vite/deps/echarts.js?v=6c79b727:22164
[ 2265142ms] [WARNING] Failed to decode downloaded font: http://localhost:3000/files/noto-sans-sc-114-700-normal.woff2 @ http://localhost:3000/node_modules/.vite/deps/echarts.js?v=6c79b727:22164
[ 2265142ms] [WARNING] OTS parsing error: invalid sfntVersion: 1008813135 @ http://localhost:3000/node_modules/.vite/deps/echarts.js?v=6c79b727:22164
[ 2265142ms] [WARNING] Failed to decode downloaded font: http://localhost:3000/files/noto-sans-sc-115-700-normal.woff2 @ http://localhost:3000/node_modules/.vite/deps/echarts.js?v=6c79b727:22164
[ 2265142ms] [WARNING] OTS parsing error: invalid sfntVersion: 1008813135 @ http://localhost:3000/node_modules/.vite/deps/echarts.js?v=6c79b727:22164
[ 2265142ms] [WARNING] Failed to decode downloaded font: http://localhost:3000/files/noto-sans-sc-116-700-normal.woff2 @ http://localhost:3000/node_modules/.vite/deps/echarts.js?v=6c79b727:22164
[ 2265143ms] [WARNING] OTS parsing error: invalid sfntVersion: 1008813135 @ http://localhost:3000/node_modules/.vite/deps/echarts.js?v=6c79b727:22164
[ 2265143ms] [WARNING] Failed to decode downloaded font: http://localhost:3000/files/noto-sans-sc-117-700-normal.woff2 @ http://localhost:3000/node_modules/.vite/deps/echarts.js?v=6c79b727:22164
[ 2265143ms] [WARNING] OTS parsing error: invalid sfntVersion: 1008813135 @ http://localhost:3000/node_modules/.vite/deps/echarts.js?v=6c79b727:22164
[ 2265143ms] [WARNING] Failed to decode downloaded font: http://localhost:3000/files/noto-sans-sc-118-700-normal.woff2 @ http://localhost:3000/node_modules/.vite/deps/echarts.js?v=6c79b727:22164
[ 2265143ms] [WARNING] OTS parsing error: invalid sfntVersion: 1008813135 @ http://localhost:3000/node_modules/.vite/deps/echarts.js?v=6c79b727:22164
[ 2265144ms] [WARNING] Failed to decode downloaded font: http://localhost:3000/files/noto-sans-sc-119-700-normal.woff2 @ http://localhost:3000/node_modules/.vite/deps/echarts.js?v=6c79b727:22164
[ 2265144ms] [WARNING] OTS parsing error: invalid sfntVersion: 1008813135 @ http://localhost:3000/node_modules/.vite/deps/echarts.js?v=6c79b727:22164
[ 2265144ms] [WARNING] Failed to decode downloaded font: http://localhost:3000/files/noto-sans-sc-latin-700-normal.woff2 @ http://localhost:3000/node_modules/.vite/deps/echarts.js?v=6c79b727:22164
[ 2265144ms] [WARNING] OTS parsing error: invalid sfntVersion: 1008813135 @ http://localhost:3000/node_modules/.vite/deps/echarts.js?v=6c79b727:22164
[ 2265144ms] [WARNING] Failed to decode downloaded font: http://localhost:3000/files/noto-sans-sc-latin-700-normal.woff @ http://localhost:3000/node_modules/.vite/deps/echarts.js?v=6c79b727:22164
[ 2265144ms] [WARNING] OTS parsing error: invalid sfntVersion: 1008813135 @ http://localhost:3000/node_modules/.vite/deps/echarts.js?v=6c79b727:22164
[ 2397777ms] [LOG] [vite] server connection lost. Polling for restart... @ http://localhost:3000/@vite/client:559
[ 2400122ms] [ERROR] Failed to load resource: net::ERR_CONNECTION_REFUSED @ http://localhost:3000/:0
[ 2403467ms] [ERROR] Failed to load resource: net::ERR_CONNECTION_REFUSED @ http://localhost:3000/:0
[ 2406819ms] [ERROR] Failed to load resource: net::ERR_CONNECTION_REFUSED @ http://localhost:3000/:0
[ 2410168ms] [ERROR] Failed to load resource: net::ERR_CONNECTION_REFUSED @ http://localhost:3000/:0
[ 2413524ms] [ERROR] Failed to load resource: net::ERR_CONNECTION_REFUSED @ http://localhost:3000/:0
[ 2416867ms] [ERROR] Failed to load resource: net::ERR_CONNECTION_REFUSED @ http://localhost:3000/:0
[ 2420208ms] [ERROR] Failed to load resource: net::ERR_CONNECTION_REFUSED @ http://localhost:3000/:0
[ 2423550ms] [ERROR] Failed to load resource: net::ERR_CONNECTION_REFUSED @ http://localhost:3000/:0
[ 2426902ms] [ERROR] Failed to load resource: net::ERR_CONNECTION_REFUSED @ http://localhost:3000/:0
[ 2430254ms] [ERROR] Failed to load resource: net::ERR_CONNECTION_REFUSED @ http://localhost:3000/:0
[ 2433599ms] [ERROR] Failed to load resource: net::ERR_CONNECTION_REFUSED @ http://localhost:3000/:0
[ 2436949ms] [ERROR] Failed to load resource: net::ERR_CONNECTION_REFUSED @ http://localhost:3000/:0
[ 2440317ms] [ERROR] Failed to load resource: net::ERR_CONNECTION_REFUSED @ http://localhost:3000/:0
[ 2443688ms] [ERROR] Failed to load resource: net::ERR_CONNECTION_REFUSED @ http://localhost:3000/:0
[ 2447037ms] [ERROR] Failed to load resource: net::ERR_CONNECTION_REFUSED @ http://localhost:3000/:0
[ 2450372ms] [ERROR] Failed to load resource: net::ERR_CONNECTION_REFUSED @ http://localhost:3000/:0
[ 2453719ms] [ERROR] Failed to load resource: net::ERR_CONNECTION_REFUSED @ http://localhost:3000/:0
[ 2457053ms] [ERROR] Failed to load resource: net::ERR_CONNECTION_REFUSED @ http://localhost:3000/:0
[ 2460402ms] [ERROR] Failed to load resource: net::ERR_CONNECTION_REFUSED @ http://localhost:3000/:0
[ 2463737ms] [ERROR] Failed to load resource: net::ERR_CONNECTION_REFUSED @ http://localhost:3000/:0
[ 2467087ms] [ERROR] Failed to load resource: net::ERR_CONNECTION_REFUSED @ http://localhost:3000/:0
[ 2470434ms] [ERROR] Failed to load resource: net::ERR_CONNECTION_REFUSED @ http://localhost:3000/:0
[ 2473786ms] [ERROR] Failed to load resource: net::ERR_CONNECTION_REFUSED @ http://localhost:3000/:0
[ 2477135ms] [ERROR] Failed to load resource: net::ERR_CONNECTION_REFUSED @ http://localhost:3000/:0
[ 2480486ms] [ERROR] Failed to load resource: net::ERR_CONNECTION_REFUSED @ http://localhost:3000/:0
[ 2483833ms] [ERROR] Failed to load resource: net::ERR_CONNECTION_REFUSED @ http://localhost:3000/:0
[ 2487186ms] [ERROR] Failed to load resource: net::ERR_CONNECTION_REFUSED @ http://localhost:3000/:0
[ 2490552ms] [ERROR] Failed to load resource: net::ERR_CONNECTION_REFUSED @ http://localhost:3000/:0
[ 2493886ms] [ERROR] Failed to load resource: net::ERR_CONNECTION_REFUSED @ http://localhost:3000/:0
[ 2497238ms] [ERROR] Failed to load resource: net::ERR_CONNECTION_REFUSED @ http://localhost:3000/:0
[ 2500589ms] [ERROR] Failed to load resource: net::ERR_CONNECTION_REFUSED @ http://localhost:3000/:0
[ 2503954ms] [ERROR] Failed to load resource: net::ERR_CONNECTION_REFUSED @ http://localhost:3000/:0
[ 2507303ms] [ERROR] Failed to load resource: net::ERR_CONNECTION_REFUSED @ http://localhost:3000/:0
[ 2510655ms] [ERROR] Failed to load resource: net::ERR_CONNECTION_REFUSED @ http://localhost:3000/:0
[ 2514036ms] [ERROR] Failed to load resource: net::ERR_CONNECTION_REFUSED @ http://localhost:3000/:0
[ 2517387ms] [ERROR] Failed to load resource: net::ERR_CONNECTION_REFUSED @ http://localhost:3000/:0
[ 2520753ms] [ERROR] Failed to load resource: net::ERR_CONNECTION_REFUSED @ http://localhost:3000/:0
[ 2524103ms] [ERROR] Failed to load resource: net::ERR_CONNECTION_REFUSED @ http://localhost:3000/:0
[ 2530364ms] [INFO] %cDownload the React DevTools for a better development experience: https://reactjs.org/link/react-devtools font-weight:bold @ http://localhost:3000/node_modules/.vite/deps/chunk-PJEEZAML.js?v=40a698c2:21550
[ 2530660ms] [WARNING] Failed to decode downloaded font: http://localhost:3000/files/noto-sans-sc-119-500-normal.woff2 @ http://localhost:3000/:0
[ 2530660ms] [WARNING] OTS parsing error: invalid sfntVersion: 1008813135 @ http://localhost:3000/:0
[ 2530661ms] [WARNING] Failed to decode downloaded font: http://localhost:3000/files/noto-sans-sc-118-500-normal.woff2 @ http://localhost:3000/:0
[ 2530661ms] [WARNING] OTS parsing error: invalid sfntVersion: 1008813135 @ http://localhost:3000/:0
[ 2530661ms] [WARNING] Failed to decode downloaded font: http://localhost:3000/files/noto-sans-sc-117-500-normal.woff2 @ http://localhost:3000/:0
[ 2530661ms] [WARNING] OTS parsing error: invalid sfntVersion: 1008813135 @ http://localhost:3000/:0
[ 2530662ms] [WARNING] Failed to decode downloaded font: http://localhost:3000/files/noto-sans-sc-107-500-normal.woff2 @ http://localhost:3000/:0
[ 2530662ms] [WARNING] OTS parsing error: invalid sfntVersion: 1008813135 @ http://localhost:3000/:0
[ 2530662ms] [WARNING] Failed to decode downloaded font: http://localhost:3000/files/noto-sans-sc-119-400-normal.woff2 @ http://localhost:3000/:0
[ 2530662ms] [WARNING] OTS parsing error: invalid sfntVersion: 1008813135 @ http://localhost:3000/:0
[ 2530662ms] [WARNING] Failed to decode downloaded font: http://localhost:3000/files/noto-sans-sc-118-400-normal.woff2 @ http://localhost:3000/:0
[ 2530662ms] [WARNING] OTS parsing error: invalid sfntVersion: 1008813135 @ http://localhost:3000/:0
[ 2530663ms] [WARNING] Failed to decode downloaded font: http://localhost:3000/files/noto-sans-sc-117-400-normal.woff2 @ http://localhost:3000/:0
[ 2530663ms] [WARNING] OTS parsing error: invalid sfntVersion: 1008813135 @ http://localhost:3000/:0
[ 2530663ms] [WARNING] Failed to decode downloaded font: http://localhost:3000/files/noto-sans-sc-116-400-normal.woff2 @ http://localhost:3000/:0
[ 2530663ms] [WARNING] OTS parsing error: invalid sfntVersion: 1008813135 @ http://localhost:3000/:0
[ 2530664ms] [WARNING] Failed to decode downloaded font: http://localhost:3000/files/noto-sans-sc-115-400-normal.woff2 @ http://localhost:3000/:0
[ 2530664ms] [WARNING] OTS parsing error: invalid sfntVersion: 1008813135 @ http://localhost:3000/:0
[ 2530664ms] [WARNING] Failed to decode downloaded font: http://localhost:3000/files/noto-sans-sc-114-400-normal.woff2 @ http://localhost:3000/:0
[ 2530664ms] [WARNING] OTS parsing error: invalid sfntVersion: 1008813135 @ http://localhost:3000/:0
[ 2530665ms] [WARNING] Failed to decode downloaded font: http://localhost:3000/files/noto-sans-sc-113-400-normal.woff2 @ http://localhost:3000/:0
[ 2530665ms] [WARNING] OTS parsing error: invalid sfntVersion: 1008813135 @ http://localhost:3000/:0
[ 2530665ms] [WARNING] Failed to decode downloaded font: http://localhost:3000/files/noto-sans-sc-112-400-normal.woff2 @ http://localhost:3000/:0
[ 2530665ms] [WARNING] OTS parsing error: invalid sfntVersion: 1008813135 @ http://localhost:3000/:0
[ 2530665ms] [WARNING] Failed to decode downloaded font: http://localhost:3000/files/noto-sans-sc-111-400-normal.woff2 @ http://localhost:3000/:0
[ 2530665ms] [WARNING] OTS parsing error: invalid sfntVersion: 1008813135 @ http://localhost:3000/:0
[ 2530666ms] [WARNING] Failed to decode downloaded font: http://localhost:3000/files/noto-sans-sc-107-400-normal.woff2 @ http://localhost:3000/:0
[ 2530666ms] [WARNING] OTS parsing error: invalid sfntVersion: 1008813135 @ http://localhost:3000/:0
[ 2530666ms] [WARNING] Failed to decode downloaded font: http://localhost:3000/files/noto-sans-sc-119-700-normal.woff2 @ http://localhost:3000/:0
[ 2530666ms] [WARNING] OTS parsing error: invalid sfntVersion: 1008813135 @ http://localhost:3000/:0
[ 2530666ms] [WARNING] Failed to decode downloaded font: http://localhost:3000/files/noto-sans-sc-118-700-normal.woff2 @ http://localhost:3000/:0
[ 2530666ms] [WARNING] OTS parsing error: invalid sfntVersion: 1008813135 @ http://localhost:3000/:0
[ 2530667ms] [WARNING] Failed to decode downloaded font: http://localhost:3000/files/noto-sans-sc-115-700-normal.woff2 @ http://localhost:3000/:0
[ 2530667ms] [WARNING] OTS parsing error: invalid sfntVersion: 1008813135 @ http://localhost:3000/:0
[ 2530667ms] [WARNING] Failed to decode downloaded font: http://localhost:3000/files/noto-sans-sc-116-500-normal.woff2 @ http://localhost:3000/:0
[ 2530667ms] [WARNING] OTS parsing error: invalid sfntVersion: 1008813135 @ http://localhost:3000/:0
[ 2530668ms] [WARNING] Failed to decode downloaded font: http://localhost:3000/files/noto-sans-sc-114-500-normal.woff2 @ http://localhost:3000/:0
[ 2530668ms] [WARNING] OTS parsing error: invalid sfntVersion: 1008813135 @ http://localhost:3000/:0
[ 2530668ms] [WARNING] Failed to decode downloaded font: http://localhost:3000/files/noto-sans-sc-115-500-normal.woff2 @ http://localhost:3000/:0
[ 2530668ms] [WARNING] OTS parsing error: invalid sfntVersion: 1008813135 @ http://localhost:3000/:0
[ 2530668ms] [WARNING] Failed to decode downloaded font: http://localhost:3000/files/noto-sans-sc-117-700-normal.woff2 @ http://localhost:3000/:0
[ 2530668ms] [WARNING] OTS parsing error: invalid sfntVersion: 1008813135 @ http://localhost:3000/:0
[ 2530669ms] [WARNING] Failed to decode downloaded font: http://localhost:3000/files/noto-sans-sc-111-500-normal.woff2 @ http://localhost:3000/:0
[ 2530669ms] [WARNING] OTS parsing error: invalid sfntVersion: 1008813135 @ http://localhost:3000/:0
[ 2530669ms] [WARNING] Failed to decode downloaded font: http://localhost:3000/files/noto-sans-sc-113-500-normal.woff2 @ http://localhost:3000/:0
[ 2530669ms] [WARNING] OTS parsing error: invalid sfntVersion: 1008813135 @ http://localhost:3000/:0
[ 2530670ms] [WARNING] Failed to decode downloaded font: http://localhost:3000/files/noto-sans-sc-110-500-normal.woff2 @ http://localhost:3000/:0
[ 2530670ms] [WARNING] OTS parsing error: invalid sfntVersion: 1008813135 @ http://localhost:3000/:0
[ 2530670ms] [WARNING] Failed to decode downloaded font: http://localhost:3000/files/noto-sans-sc-116-700-normal.woff2 @ http://localhost:3000/:0
[ 2530670ms] [WARNING] OTS parsing error: invalid sfntVersion: 1008813135 @ http://localhost:3000/:0
[ 2530671ms] [WARNING] Failed to decode downloaded font: http://localhost:3000/files/noto-sans-sc-106-500-normal.woff2 @ http://localhost:3000/:0
[ 2530671ms] [WARNING] OTS parsing error: invalid sfntVersion: 1008813135 @ http://localhost:3000/:0
[ 2530671ms] [WARNING] Failed to decode downloaded font: http://localhost:3000/files/noto-sans-sc-113-700-normal.woff2 @ http://localhost:3000/:0
[ 2530671ms] [WARNING] OTS parsing error: invalid sfntVersion: 1008813135 @ http://localhost:3000/:0
[ 2530672ms] [WARNING] Failed to decode downloaded font: http://localhost:3000/files/noto-sans-sc-111-700-normal.woff2 @ http://localhost:3000/:0
[ 2530672ms] [WARNING] OTS parsing error: invalid sfntVersion: 1008813135 @ http://localhost:3000/:0
[ 2530672ms] [WARNING] Failed to decode downloaded font: http://localhost:3000/files/noto-sans-sc-112-700-normal.woff2 @ http://localhost:3000/:0
[ 2530672ms] [WARNING] OTS parsing error: invalid sfntVersion: 1008813135 @ http://localhost:3000/:0
[ 2530672ms] [WARNING] Failed to decode downloaded font: http://localhost:3000/files/noto-sans-sc-114-700-normal.woff2 @ http://localhost:3000/:0
[ 2530672ms] [WARNING] OTS parsing error: invalid sfntVersion: 1008813135 @ http://localhost:3000/:0
[ 2530673ms] [WARNING] Failed to decode downloaded font: http://localhost:3000/files/noto-sans-sc-110-400-normal.woff2 @ http://localhost:3000/:0
[ 2530673ms] [WARNING] OTS parsing error: invalid sfntVersion: 1008813135 @ http://localhost:3000/:0
[ 2530673ms] [WARNING] Failed to decode downloaded font: http://localhost:3000/files/noto-sans-sc-110-700-normal.woff2 @ http://localhost:3000/:0
[ 2530673ms] [WARNING] OTS parsing error: invalid sfntVersion: 1008813135 @ http://localhost:3000/:0
[ 2530673ms] [WARNING] Failed to decode downloaded font: http://localhost:3000/files/noto-sans-sc-104-400-normal.woff2 @ http://localhost:3000/:0
[ 2530673ms] [WARNING] OTS parsing error: invalid sfntVersion: 1008813135 @ http://localhost:3000/:0
[ 2530674ms] [WARNING] Failed to decode downloaded font: http://localhost:3000/files/noto-sans-sc-103-500-normal.woff2 @ http://localhost:3000/:0
[ 2530674ms] [WARNING] OTS parsing error: invalid sfntVersion: 1008813135 @ http://localhost:3000/:0
[ 2530674ms] [WARNING] Failed to decode downloaded font: http://localhost:3000/files/noto-sans-sc-54-500-normal.woff2 @ http://localhost:3000/:0
[ 2530674ms] [WARNING] OTS parsing error: invalid sfntVersion: 1008813135 @ http://localhost:3000/:0
[ 2530675ms] [WARNING] Failed to decode downloaded font: http://localhost:3000/files/noto-sans-sc-87-400-normal.woff2 @ http://localhost:3000/:0
[ 2530675ms] [WARNING] OTS parsing error: invalid sfntVersion: 1008813135 @ http://localhost:3000/:0
[ 2530675ms] [WARNING] Failed to decode downloaded font: http://localhost:3000/files/noto-sans-sc-102-700-normal.woff2 @ http://localhost:3000/:0
[ 2530675ms] [WARNING] OTS parsing error: invalid sfntVersion: 1008813135 @ http://localhost:3000/:0
[ 2530675ms] [WARNING] Failed to decode downloaded font: http://localhost:3000/files/noto-sans-sc-112-500-normal.woff2 @ http://localhost:3000/:0
[ 2530675ms] [WARNING] OTS parsing error: invalid sfntVersion: 1008813135 @ http://localhost:3000/:0
[ 2530677ms] [WARNING] Failed to decode downloaded font: http://localhost:3000/files/noto-sans-sc-109-400-normal.woff2 @ http://localhost:3000/:0
[ 2530677ms] [WARNING] OTS parsing error: invalid sfntVersion: 1008813135 @ http://localhost:3000/:0
[ 2530679ms] [WARNING] Failed to decode downloaded font: http://localhost:3000/files/noto-sans-sc-108-400-normal.woff2 @ http://localhost:3000/:0
[ 2530679ms] [WARNING] OTS parsing error: invalid sfntVersion: 1008813135 @ http://localhost:3000/:0
[ 2530788ms] [WARNING] Failed to decode downloaded font: http://localhost:3000/files/noto-sans-sc-87-400-normal.woff @ http://localhost:3000/:0
[ 2530788ms] [WARNING] OTS parsing error: invalid sfntVersion: 1008813135 @ http://localhost:3000/:0
