[    4485ms] [INFO] %cDownload the React DevTools for a better development experience: https://reactjs.org/link/react-devtools font-weight:bold @ http://localhost:3005/node_modules/.vite/deps/chunk-UXDD7MME.js?v=863beebe:21550
[   52148ms] [WARNING] THREE.Clock: This module has been deprecated. Please use THREE.Timer instead. @ http://localhost:3005/node_modules/.vite/deps/chunk-DJGCMINP.js?v=863beebe:746
[   91094ms] [LOG] THREE.WebGLRenderer: Context Lost. @ http://localhost:3005/node_modules/.vite/deps/chunk-DJGCMINP.js?v=863beebe:721
[ 1092204ms] [INFO] %cDownload the React DevTools for a better development experience: https://reactjs.org/link/react-devtools font-weight:bold @ http://localhost:3005/node_modules/.vite/deps/chunk-UXDD7MME.js?v=863beebe:21550
[ 1095226ms] [WARNING] THREE.Clock: This module has been deprecated. Please use THREE.Timer instead. @ http://localhost:3005/node_modules/.vite/deps/chunk-DJGCMINP.js?v=863beebe:746
[ 1098670ms] [LOG] THREE.WebGLRenderer: Context Lost. @ http://localhost:3005/node_modules/.vite/deps/chunk-DJGCMINP.js?v=863beebe:721
[ 2075267ms] Error: Objects are not valid as a React child (found: object with keys {name, mastery}). If you meant to render a collection of children, use an array instead.
    at throwOnInvalidObjectType (http://localhost:3005/node_modules/.vite/deps/chunk-UXDD7MME.js?v=863beebe:9934:17)
    at reconcileChildFibers2 (http://localhost:3005/node_modules/.vite/deps/chunk-UXDD7MME.js?v=863beebe:10564:15)
    at reconcileChildren (http://localhost:3005/node_modules/.vite/deps/chunk-UXDD7MME.js?v=863beebe:14292:37)
    at updateHostComponent (http://localhost:3005/node_modules/.vite/deps/chunk-UXDD7MME.js?v=863beebe:14807:11)
    at beginWork (http://localhost:3005/node_modules/.vite/deps/chunk-UXDD7MME.js?v=863beebe:15935:22)
    at HTMLUnknownElement.callCallback2 (http://localhost:3005/node_modules/.vite/deps/chunk-UXDD7MME.js?v=863beebe:3674:22)
    at Object.invokeGuardedCallbackDev (http://localhost:3005/node_modules/.vite/deps/chunk-UXDD7MME.js?v=863beebe:3699:24)
    at invokeGuardedCallback (http://localhost:3005/node_modules/.vite/deps/chunk-UXDD7MME.js?v=863beebe:3733:39)
    at beginWork$1 (http://localhost:3005/node_modules/.vite/deps/chunk-UXDD7MME.js?v=863beebe:19765:15)
    at performUnitOfWork (http://localhost:3005/node_modules/.vite/deps/chunk-UXDD7MME.js?v=863beebe:19198:20)
[ 2075279ms] Error: Objects are not valid as a React child (found: object with keys {name, mastery}). If you meant to render a collection of children, use an array instead.
    at throwOnInvalidObjectType (http://localhost:3005/node_modules/.vite/deps/chunk-UXDD7MME.js?v=863beebe:9934:17)
    at reconcileChildFibers2 (http://localhost:3005/node_modules/.vite/deps/chunk-UXDD7MME.js?v=863beebe:10564:15)
    at reconcileChildren (http://localhost:3005/node_modules/.vite/deps/chunk-UXDD7MME.js?v=863beebe:14292:37)
    at updateHostComponent (http://localhost:3005/node_modules/.vite/deps/chunk-UXDD7MME.js?v=863beebe:14807:11)
    at beginWork (http://localhost:3005/node_modules/.vite/deps/chunk-UXDD7MME.js?v=863beebe:15935:22)
    at HTMLUnknownElement.callCallback2 (http://localhost:3005/node_modules/.vite/deps/chunk-UXDD7MME.js?v=863beebe:3674:22)
    at Object.invokeGuardedCallbackDev (http://localhost:3005/node_modules/.vite/deps/chunk-UXDD7MME.js?v=863beebe:3699:24)
    at invokeGuardedCallback (http://localhost:3005/node_modules/.vite/deps/chunk-UXDD7MME.js?v=863beebe:3733:39)
    at beginWork$1 (http://localhost:3005/node_modules/.vite/deps/chunk-UXDD7MME.js?v=863beebe:19765:15)
    at performUnitOfWork (http://localhost:3005/node_modules/.vite/deps/chunk-UXDD7MME.js?v=863beebe:19198:20)
[ 2075282ms] Error: Objects are not valid as a React child (found: object with keys {name, mastery}). If you meant to render a collection of children, use an array instead.
    at throwOnInvalidObjectType (http://localhost:3005/node_modules/.vite/deps/chunk-UXDD7MME.js?v=863beebe:9934:17)
    at reconcileChildFibers2 (http://localhost:3005/node_modules/.vite/deps/chunk-UXDD7MME.js?v=863beebe:10564:15)
    at reconcileChildren (http://localhost:3005/node_modules/.vite/deps/chunk-UXDD7MME.js?v=863beebe:14292:37)
    at updateHostComponent (http://localhost:3005/node_modules/.vite/deps/chunk-UXDD7MME.js?v=863beebe:14807:11)
    at beginWork (http://localhost:3005/node_modules/.vite/deps/chunk-UXDD7MME.js?v=863beebe:15935:22)
    at HTMLUnknownElement.callCallback2 (http://localhost:3005/node_modules/.vite/deps/chunk-UXDD7MME.js?v=863beebe:3674:22)
    at Object.invokeGuardedCallbackDev (http://localhost:3005/node_modules/.vite/deps/chunk-UXDD7MME.js?v=863beebe:3699:24)
    at invokeGuardedCallback (http://localhost:3005/node_modules/.vite/deps/chunk-UXDD7MME.js?v=863beebe:3733:39)
    at beginWork$1 (http://localhost:3005/node_modules/.vite/deps/chunk-UXDD7MME.js?v=863beebe:19765:15)
    at performUnitOfWork (http://localhost:3005/node_modules/.vite/deps/chunk-UXDD7MME.js?v=863beebe:19198:20)
[ 2075286ms] Error: Objects are not valid as a React child (found: object with keys {name, mastery}). If you meant to render a collection of children, use an array instead.
    at throwOnInvalidObjectType (http://localhost:3005/node_modules/.vite/deps/chunk-UXDD7MME.js?v=863beebe:9934:17)
    at reconcileChildFibers2 (http://localhost:3005/node_modules/.vite/deps/chunk-UXDD7MME.js?v=863beebe:10564:15)
    at reconcileChildren (http://localhost:3005/node_modules/.vite/deps/chunk-UXDD7MME.js?v=863beebe:14292:37)
    at updateHostComponent (http://localhost:3005/node_modules/.vite/deps/chunk-UXDD7MME.js?v=863beebe:14807:11)
    at beginWork (http://localhost:3005/node_modules/.vite/deps/chunk-UXDD7MME.js?v=863beebe:15935:22)
    at HTMLUnknownElement.callCallback2 (http://localhost:3005/node_modules/.vite/deps/chunk-UXDD7MME.js?v=863beebe:3674:22)
    at Object.invokeGuardedCallbackDev (http://localhost:3005/node_modules/.vite/deps/chunk-UXDD7MME.js?v=863beebe:3699:24)
    at invokeGuardedCallback (http://localhost:3005/node_modules/.vite/deps/chunk-UXDD7MME.js?v=863beebe:3733:39)
    at beginWork$1 (http://localhost:3005/node_modules/.vite/deps/chunk-UXDD7MME.js?v=863beebe:19765:15)
    at performUnitOfWork (http://localhost:3005/node_modules/.vite/deps/chunk-UXDD7MME.js?v=863beebe:19198:20)
[ 2075286ms] Error: Objects are not valid as a React child (found: object with keys {name, mastery}). If you meant to render a collection of children, use an array instead.
    at throwOnInvalidObjectType (http://localhost:3005/node_modules/.vite/deps/chunk-UXDD7MME.js?v=863beebe:9934:17)
    at reconcileChildFibers2 (http://localhost:3005/node_modules/.vite/deps/chunk-UXDD7MME.js?v=863beebe:10564:15)
    at reconcileChildren (http://localhost:3005/node_modules/.vite/deps/chunk-UXDD7MME.js?v=863beebe:14292:37)
    at updateHostComponent (http://localhost:3005/node_modules/.vite/deps/chunk-UXDD7MME.js?v=863beebe:14807:11)
    at beginWork (http://localhost:3005/node_modules/.vite/deps/chunk-UXDD7MME.js?v=863beebe:15935:22)
    at HTMLUnknownElement.callCallback2 (http://localhost:3005/node_modules/.vite/deps/chunk-UXDD7MME.js?v=863beebe:3674:22)
    at Object.invokeGuardedCallbackDev (http://localhost:3005/node_modules/.vite/deps/chunk-UXDD7MME.js?v=863beebe:3699:24)
    at invokeGuardedCallback (http://localhost:3005/node_modules/.vite/deps/chunk-UXDD7MME.js?v=863beebe:3733:39)
    at beginWork$1 (http://localhost:3005/node_modules/.vite/deps/chunk-UXDD7MME.js?v=863beebe:19765:15)
    at performUnitOfWork (http://localhost:3005/node_modules/.vite/deps/chunk-UXDD7MME.js?v=863beebe:19198:20)
[ 2075287ms] Error: Objects are not valid as a React child (found: object with keys {name, mastery}). If you meant to render a collection of children, use an array instead.
    at throwOnInvalidObjectType (http://localhost:3005/node_modules/.vite/deps/chunk-UXDD7MME.js?v=863beebe:9934:17)
    at reconcileChildFibers2 (http://localhost:3005/node_modules/.vite/deps/chunk-UXDD7MME.js?v=863beebe:10564:15)
    at reconcileChildren (http://localhost:3005/node_modules/.vite/deps/chunk-UXDD7MME.js?v=863beebe:14292:37)
    at updateHostComponent (http://localhost:3005/node_modules/.vite/deps/chunk-UXDD7MME.js?v=863beebe:14807:11)
    at beginWork (http://localhost:3005/node_modules/.vite/deps/chunk-UXDD7MME.js?v=863beebe:15935:22)
    at HTMLUnknownElement.callCallback2 (http://localhost:3005/node_modules/.vite/deps/chunk-UXDD7MME.js?v=863beebe:3674:22)
    at Object.invokeGuardedCallbackDev (http://localhost:3005/node_modules/.vite/deps/chunk-UXDD7MME.js?v=863beebe:3699:24)
    at invokeGuardedCallback (http://localhost:3005/node_modules/.vite/deps/chunk-UXDD7MME.js?v=863beebe:3733:39)
    at beginWork$1 (http://localhost:3005/node_modules/.vite/deps/chunk-UXDD7MME.js?v=863beebe:19765:15)
    at performUnitOfWork (http://localhost:3005/node_modules/.vite/deps/chunk-UXDD7MME.js?v=863beebe:19198:20)
[ 2075288ms] Error: Objects are not valid as a React child (found: object with keys {name, mastery}). If you meant to render a collection of children, use an array instead.
    at throwOnInvalidObjectType (http://localhost:3005/node_modules/.vite/deps/chunk-UXDD7MME.js?v=863beebe:9934:17)
    at reconcileChildFibers2 (http://localhost:3005/node_modules/.vite/deps/chunk-UXDD7MME.js?v=863beebe:10564:15)
    at reconcileChildren (http://localhost:3005/node_modules/.vite/deps/chunk-UXDD7MME.js?v=863beebe:14292:37)
    at updateHostComponent (http://localhost:3005/node_modules/.vite/deps/chunk-UXDD7MME.js?v=863beebe:14807:11)
    at beginWork (http://localhost:3005/node_modules/.vite/deps/chunk-UXDD7MME.js?v=863beebe:15935:22)
    at HTMLUnknownElement.callCallback2 (http://localhost:3005/node_modules/.vite/deps/chunk-UXDD7MME.js?v=863beebe:3674:22)
    at Object.invokeGuardedCallbackDev (http://localhost:3005/node_modules/.vite/deps/chunk-UXDD7MME.js?v=863beebe:3699:24)
    at invokeGuardedCallback (http://localhost:3005/node_modules/.vite/deps/chunk-UXDD7MME.js?v=863beebe:3733:39)
    at beginWork$1 (http://localhost:3005/node_modules/.vite/deps/chunk-UXDD7MME.js?v=863beebe:19765:15)
    at performUnitOfWork (http://localhost:3005/node_modules/.vite/deps/chunk-UXDD7MME.js?v=863beebe:19198:20)
[ 2075307ms] Error: Objects are not valid as a React child (found: object with keys {name, mastery}). If you meant to render a collection of children, use an array instead.
    at throwOnInvalidObjectType (http://localhost:3005/node_modules/.vite/deps/chunk-UXDD7MME.js?v=863beebe:9934:17)
    at reconcileChildFibers2 (http://localhost:3005/node_modules/.vite/deps/chunk-UXDD7MME.js?v=863beebe:10564:15)
    at reconcileChildren (http://localhost:3005/node_modules/.vite/deps/chunk-UXDD7MME.js?v=863beebe:14292:37)
    at updateHostComponent (http://localhost:3005/node_modules/.vite/deps/chunk-UXDD7MME.js?v=863beebe:14807:11)
    at beginWork (http://localhost:3005/node_modules/.vite/deps/chunk-UXDD7MME.js?v=863beebe:15935:22)
    at HTMLUnknownElement.callCallback2 (http://localhost:3005/node_modules/.vite/deps/chunk-UXDD7MME.js?v=863beebe:3674:22)
    at Object.invokeGuardedCallbackDev (http://localhost:3005/node_modules/.vite/deps/chunk-UXDD7MME.js?v=863beebe:3699:24)
    at invokeGuardedCallback (http://localhost:3005/node_modules/.vite/deps/chunk-UXDD7MME.js?v=863beebe:3733:39)
    at beginWork$1 (http://localhost:3005/node_modules/.vite/deps/chunk-UXDD7MME.js?v=863beebe:19765:15)
    at performUnitOfWork (http://localhost:3005/node_modules/.vite/deps/chunk-UXDD7MME.js?v=863beebe:19198:20)
[ 2075307ms] Error: Objects are not valid as a React child (found: object with keys {name, mastery}). If you meant to render a collection of children, use an array instead.
    at throwOnInvalidObjectType (http://localhost:3005/node_modules/.vite/deps/chunk-UXDD7MME.js?v=863beebe:9934:17)
    at reconcileChildFibers2 (http://localhost:3005/node_modules/.vite/deps/chunk-UXDD7MME.js?v=863beebe:10564:15)
    at reconcileChildren (http://localhost:3005/node_modules/.vite/deps/chunk-UXDD7MME.js?v=863beebe:14292:37)
    at updateHostComponent (http://localhost:3005/node_modules/.vite/deps/chunk-UXDD7MME.js?v=863beebe:14807:11)
    at beginWork (http://localhost:3005/node_modules/.vite/deps/chunk-UXDD7MME.js?v=863beebe:15935:22)
    at HTMLUnknownElement.callCallback2 (http://localhost:3005/node_modules/.vite/deps/chunk-UXDD7MME.js?v=863beebe:3674:22)
    at Object.invokeGuardedCallbackDev (http://localhost:3005/node_modules/.vite/deps/chunk-UXDD7MME.js?v=863beebe:3699:24)
    at invokeGuardedCallback (http://localhost:3005/node_modules/.vite/deps/chunk-UXDD7MME.js?v=863beebe:3733:39)
    at beginWork$1 (http://localhost:3005/node_modules/.vite/deps/chunk-UXDD7MME.js?v=863beebe:19765:15)
    at performUnitOfWork (http://localhost:3005/node_modules/.vite/deps/chunk-UXDD7MME.js?v=863beebe:19198:20)
[ 2075307ms] Error: Objects are not valid as a React child (found: object with keys {name, mastery}). If you meant to render a collection of children, use an array instead.
    at throwOnInvalidObjectType (http://localhost:3005/node_modules/.vite/deps/chunk-UXDD7MME.js?v=863beebe:9934:17)
    at reconcileChildFibers2 (http://localhost:3005/node_modules/.vite/deps/chunk-UXDD7MME.js?v=863beebe:10564:15)
    at reconcileChildren (http://localhost:3005/node_modules/.vite/deps/chunk-UXDD7MME.js?v=863beebe:14292:37)
    at updateHostComponent (http://localhost:3005/node_modules/.vite/deps/chunk-UXDD7MME.js?v=863beebe:14807:11)
    at beginWork (http://localhost:3005/node_modules/.vite/deps/chunk-UXDD7MME.js?v=863beebe:15935:22)
    at HTMLUnknownElement.callCallback2 (http://localhost:3005/node_modules/.vite/deps/chunk-UXDD7MME.js?v=863beebe:3674:22)
    at Object.invokeGuardedCallbackDev (http://localhost:3005/node_modules/.vite/deps/chunk-UXDD7MME.js?v=863beebe:3699:24)
    at invokeGuardedCallback (http://localhost:3005/node_modules/.vite/deps/chunk-UXDD7MME.js?v=863beebe:3733:39)
    at beginWork$1 (http://localhost:3005/node_modules/.vite/deps/chunk-UXDD7MME.js?v=863beebe:19765:15)
    at performUnitOfWork (http://localhost:3005/node_modules/.vite/deps/chunk-UXDD7MME.js?v=863beebe:19198:20)
[ 2075307ms] Error: Objects are not valid as a React child (found: object with keys {name, mastery}). If you meant to render a collection of children, use an array instead.
    at throwOnInvalidObjectType (http://localhost:3005/node_modules/.vite/deps/chunk-UXDD7MME.js?v=863beebe:9934:17)
    at reconcileChildFibers2 (http://localhost:3005/node_modules/.vite/deps/chunk-UXDD7MME.js?v=863beebe:10564:15)
    at reconcileChildren (http://localhost:3005/node_modules/.vite/deps/chunk-UXDD7MME.js?v=863beebe:14292:37)
    at updateHostComponent (http://localhost:3005/node_modules/.vite/deps/chunk-UXDD7MME.js?v=863beebe:14807:11)
    at beginWork (http://localhost:3005/node_modules/.vite/deps/chunk-UXDD7MME.js?v=863beebe:15935:22)
    at HTMLUnknownElement.callCallback2 (http://localhost:3005/node_modules/.vite/deps/chunk-UXDD7MME.js?v=863beebe:3674:22)
    at Object.invokeGuardedCallbackDev (http://localhost:3005/node_modules/.vite/deps/chunk-UXDD7MME.js?v=863beebe:3699:24)
    at invokeGuardedCallback (http://localhost:3005/node_modules/.vite/deps/chunk-UXDD7MME.js?v=863beebe:3733:39)
    at beginWork$1 (http://localhost:3005/node_modules/.vite/deps/chunk-UXDD7MME.js?v=863beebe:19765:15)
    at performUnitOfWork (http://localhost:3005/node_modules/.vite/deps/chunk-UXDD7MME.js?v=863beebe:19198:20)
[ 2075308ms] Error: Objects are not valid as a React child (found: object with keys {name, mastery}). If you meant to render a collection of children, use an array instead.
    at throwOnInvalidObjectType (http://localhost:3005/node_modules/.vite/deps/chunk-UXDD7MME.js?v=863beebe:9934:17)
    at reconcileChildFibers2 (http://localhost:3005/node_modules/.vite/deps/chunk-UXDD7MME.js?v=863beebe:10564:15)
    at reconcileChildren (http://localhost:3005/node_modules/.vite/deps/chunk-UXDD7MME.js?v=863beebe:14292:37)
    at updateHostComponent (http://localhost:3005/node_modules/.vite/deps/chunk-UXDD7MME.js?v=863beebe:14807:11)
    at beginWork (http://localhost:3005/node_modules/.vite/deps/chunk-UXDD7MME.js?v=863beebe:15935:22)
    at HTMLUnknownElement.callCallback2 (http://localhost:3005/node_modules/.vite/deps/chunk-UXDD7MME.js?v=863beebe:3674:22)
    at Object.invokeGuardedCallbackDev (http://localhost:3005/node_modules/.vite/deps/chunk-UXDD7MME.js?v=863beebe:3699:24)
    at invokeGuardedCallback (http://localhost:3005/node_modules/.vite/deps/chunk-UXDD7MME.js?v=863beebe:3733:39)
    at beginWork$1 (http://localhost:3005/node_modules/.vite/deps/chunk-UXDD7MME.js?v=863beebe:19765:15)
    at performUnitOfWork (http://localhost:3005/node_modules/.vite/deps/chunk-UXDD7MME.js?v=863beebe:19198:20)
[ 2075308ms] Error: Objects are not valid as a React child (found: object with keys {name, mastery}). If you meant to render a collection of children, use an array instead.
    at throwOnInvalidObjectType (http://localhost:3005/node_modules/.vite/deps/chunk-UXDD7MME.js?v=863beebe:9934:17)
    at reconcileChildFibers2 (http://localhost:3005/node_modules/.vite/deps/chunk-UXDD7MME.js?v=863beebe:10564:15)
    at reconcileChildren (http://localhost:3005/node_modules/.vite/deps/chunk-UXDD7MME.js?v=863beebe:14292:37)
    at updateHostComponent (http://localhost:3005/node_modules/.vite/deps/chunk-UXDD7MME.js?v=863beebe:14807:11)
    at beginWork (http://localhost:3005/node_modules/.vite/deps/chunk-UXDD7MME.js?v=863beebe:15935:22)
    at HTMLUnknownElement.callCallback2 (http://localhost:3005/node_modules/.vite/deps/chunk-UXDD7MME.js?v=863beebe:3674:22)
    at Object.invokeGuardedCallbackDev (http://localhost:3005/node_modules/.vite/deps/chunk-UXDD7MME.js?v=863beebe:3699:24)
    at invokeGuardedCallback (http://localhost:3005/node_modules/.vite/deps/chunk-UXDD7MME.js?v=863beebe:3733:39)
    at beginWork$1 (http://localhost:3005/node_modules/.vite/deps/chunk-UXDD7MME.js?v=863beebe:19765:15)
    at performUnitOfWork (http://localhost:3005/node_modules/.vite/deps/chunk-UXDD7MME.js?v=863beebe:19198:20)
[ 2075308ms] Error: Objects are not valid as a React child (found: object with keys {name, mastery}). If you meant to render a collection of children, use an array instead.
    at throwOnInvalidObjectType (http://localhost:3005/node_modules/.vite/deps/chunk-UXDD7MME.js?v=863beebe:9934:17)
    at reconcileChildFibers2 (http://localhost:3005/node_modules/.vite/deps/chunk-UXDD7MME.js?v=863beebe:10564:15)
    at reconcileChildren (http://localhost:3005/node_modules/.vite/deps/chunk-UXDD7MME.js?v=863beebe:14292:37)
    at updateHostComponent (http://localhost:3005/node_modules/.vite/deps/chunk-UXDD7MME.js?v=863beebe:14807:11)
    at beginWork (http://localhost:3005/node_modules/.vite/deps/chunk-UXDD7MME.js?v=863beebe:15935:22)
    at HTMLUnknownElement.callCallback2 (http://localhost:3005/node_modules/.vite/deps/chunk-UXDD7MME.js?v=863beebe:3674:22)
    at Object.invokeGuardedCallbackDev (http://localhost:3005/node_modules/.vite/deps/chunk-UXDD7MME.js?v=863beebe:3699:24)
    at invokeGuardedCallback (http://localhost:3005/node_modules/.vite/deps/chunk-UXDD7MME.js?v=863beebe:3733:39)
    at beginWork$1 (http://localhost:3005/node_modules/.vite/deps/chunk-UXDD7MME.js?v=863beebe:19765:15)
    at performUnitOfWork (http://localhost:3005/node_modules/.vite/deps/chunk-UXDD7MME.js?v=863beebe:19198:20)
[ 2075322ms] [ERROR] The above error occurred in the <span> component:

    at span
    at div
    at div
    at div
    at div
    at div
    at div
    at MotionComponent (http://localhost:3005/node_modules/.vite/deps/framer-motion.js?v=863beebe:945:40)
    at div
    at div
    at MotionComponent (http://localhost:3005/node_modules/.vite/deps/framer-motion.js?v=863beebe:945:40)
    at Dashboard (http://localhost:3005/src/pages/Dashboard.tsx?t=1780585666210:42:19)
    at div
    at MotionComponent (http://localhost:3005/node_modules/.vite/deps/framer-motion.js?v=863beebe:945:40)
    at PresenceChild (http://localhost:3005/node_modules/.vite/deps/framer-motion.js?v=863beebe:121:24)
    at AnimatePresence (http://localhost:3005/node_modules/.vite/deps/framer-motion.js?v=863beebe:210:26)
    at main
    at div
    at App (http://localhost:3005/src/App.tsx:33:29)

Consider adding an error boundary to your tree to customize error handling behavior.
Visit https://reactjs.org/link/error-boundaries to learn more about error boundaries. @ http://localhost:3005/node_modules/.vite/deps/@react-three_fiber.js?v=863beebe:18166
[ 2075323ms] [ERROR] The above error occurred in the <span> component:

    at span
    at div
    at div
    at div
    at div
    at div
    at div
    at MotionComponent (http://localhost:3005/node_modules/.vite/deps/framer-motion.js?v=863beebe:945:40)
    at div
    at div
    at MotionComponent (http://localhost:3005/node_modules/.vite/deps/framer-motion.js?v=863beebe:945:40)
    at Dashboard (http://localhost:3005/src/pages/Dashboard.tsx?t=1780585666210:42:19)
    at div
    at MotionComponent (http://localhost:3005/node_modules/.vite/deps/framer-motion.js?v=863beebe:945:40)
    at PresenceChild (http://localhost:3005/node_modules/.vite/deps/framer-motion.js?v=863beebe:121:24)
    at AnimatePresence (http://localhost:3005/node_modules/.vite/deps/framer-motion.js?v=863beebe:210:26)
    at main
    at div
    at App (http://localhost:3005/src/App.tsx:33:29)

Consider adding an error boundary to your tree to customize error handling behavior.
Visit https://reactjs.org/link/error-boundaries to learn more about error boundaries. @ http://localhost:3005/node_modules/.vite/deps/@react-three_fiber.js?v=863beebe:18166
[ 2075323ms] [ERROR] The above error occurred in the <span> component:

    at span
    at div
    at div
    at div
    at div
    at div
    at div
    at MotionComponent (http://localhost:3005/node_modules/.vite/deps/framer-motion.js?v=863beebe:945:40)
    at div
    at div
    at MotionComponent (http://localhost:3005/node_modules/.vite/deps/framer-motion.js?v=863beebe:945:40)
    at Dashboard (http://localhost:3005/src/pages/Dashboard.tsx?t=1780585666210:42:19)
    at div
    at MotionComponent (http://localhost:3005/node_modules/.vite/deps/framer-motion.js?v=863beebe:945:40)
    at PresenceChild (http://localhost:3005/node_modules/.vite/deps/framer-motion.js?v=863beebe:121:24)
    at AnimatePresence (http://localhost:3005/node_modules/.vite/deps/framer-motion.js?v=863beebe:210:26)
    at main
    at div
    at App (http://localhost:3005/src/App.tsx:33:29)

Consider adding an error boundary to your tree to customize error handling behavior.
Visit https://reactjs.org/link/error-boundaries to learn more about error boundaries. @ http://localhost:3005/node_modules/.vite/deps/@react-three_fiber.js?v=863beebe:18166
[ 2075323ms] [ERROR] The above error occurred in the <span> component:

    at span
    at div
    at div
    at div
    at div
    at div
    at div
    at MotionComponent (http://localhost:3005/node_modules/.vite/deps/framer-motion.js?v=863beebe:945:40)
    at div
    at div
    at MotionComponent (http://localhost:3005/node_modules/.vite/deps/framer-motion.js?v=863beebe:945:40)
    at Dashboard (http://localhost:3005/src/pages/Dashboard.tsx?t=1780585666210:42:19)
    at div
    at MotionComponent (http://localhost:3005/node_modules/.vite/deps/framer-motion.js?v=863beebe:945:40)
    at PresenceChild (http://localhost:3005/node_modules/.vite/deps/framer-motion.js?v=863beebe:121:24)
    at AnimatePresence (http://localhost:3005/node_modules/.vite/deps/framer-motion.js?v=863beebe:210:26)
    at main
    at div
    at App (http://localhost:3005/src/App.tsx:33:29)

Consider adding an error boundary to your tree to customize error handling behavior.
Visit https://reactjs.org/link/error-boundaries to learn more about error boundaries. @ http://localhost:3005/node_modules/.vite/deps/@react-three_fiber.js?v=863beebe:18166
[ 2075323ms] [ERROR] The above error occurred in the <span> component:

    at span
    at div
    at div
    at div
    at div
    at div
    at div
    at MotionComponent (http://localhost:3005/node_modules/.vite/deps/framer-motion.js?v=863beebe:945:40)
    at div
    at div
    at MotionComponent (http://localhost:3005/node_modules/.vite/deps/framer-motion.js?v=863beebe:945:40)
    at Dashboard (http://localhost:3005/src/pages/Dashboard.tsx?t=1780585666210:42:19)
    at div
    at MotionComponent (http://localhost:3005/node_modules/.vite/deps/framer-motion.js?v=863beebe:945:40)
    at PresenceChild (http://localhost:3005/node_modules/.vite/deps/framer-motion.js?v=863beebe:121:24)
    at AnimatePresence (http://localhost:3005/node_modules/.vite/deps/framer-motion.js?v=863beebe:210:26)
    at main
    at div
    at App (http://localhost:3005/src/App.tsx:33:29)

Consider adding an error boundary to your tree to customize error handling behavior.
Visit https://reactjs.org/link/error-boundaries to learn more about error boundaries. @ http://localhost:3005/node_modules/.vite/deps/@react-three_fiber.js?v=863beebe:18166
[ 2075323ms] [ERROR] The above error occurred in the <span> component:

    at span
    at div
    at div
    at div
    at div
    at div
    at div
    at MotionComponent (http://localhost:3005/node_modules/.vite/deps/framer-motion.js?v=863beebe:945:40)
    at div
    at div
    at MotionComponent (http://localhost:3005/node_modules/.vite/deps/framer-motion.js?v=863beebe:945:40)
    at Dashboard (http://localhost:3005/src/pages/Dashboard.tsx?t=1780585666210:42:19)
    at div
    at MotionComponent (http://localhost:3005/node_modules/.vite/deps/framer-motion.js?v=863beebe:945:40)
    at PresenceChild (http://localhost:3005/node_modules/.vite/deps/framer-motion.js?v=863beebe:121:24)
    at AnimatePresence (http://localhost:3005/node_modules/.vite/deps/framer-motion.js?v=863beebe:210:26)
    at main
    at div
    at App (http://localhost:3005/src/App.tsx:33:29)

Consider adding an error boundary to your tree to customize error handling behavior.
Visit https://reactjs.org/link/error-boundaries to learn more about error boundaries. @ http://localhost:3005/node_modules/.vite/deps/@react-three_fiber.js?v=863beebe:18166
[ 2075323ms] [ERROR] The above error occurred in the <strong> component:

    at strong
    at p
    at div
    at div
    at div
    at div
    at MotionComponent (http://localhost:3005/node_modules/.vite/deps/framer-motion.js?v=863beebe:945:40)
    at div
    at div
    at MotionComponent (http://localhost:3005/node_modules/.vite/deps/framer-motion.js?v=863beebe:945:40)
    at Dashboard (http://localhost:3005/src/pages/Dashboard.tsx?t=1780585666210:42:19)
    at div
    at MotionComponent (http://localhost:3005/node_modules/.vite/deps/framer-motion.js?v=863beebe:945:40)
    at PresenceChild (http://localhost:3005/node_modules/.vite/deps/framer-motion.js?v=863beebe:121:24)
    at AnimatePresence (http://localhost:3005/node_modules/.vite/deps/framer-motion.js?v=863beebe:210:26)
    at main
    at div
    at App (http://localhost:3005/src/App.tsx:33:29)

Consider adding an error boundary to your tree to customize error handling behavior.
Visit https://reactjs.org/link/error-boundaries to learn more about error boundaries. @ http://localhost:3005/node_modules/.vite/deps/@react-three_fiber.js?v=863beebe:18166
[ 2075333ms] Error: Objects are not valid as a React child (found: object with keys {name, mastery}). If you meant to render a collection of children, use an array instead.
    at throwOnInvalidObjectType (http://localhost:3005/node_modules/.vite/deps/chunk-UXDD7MME.js?v=863beebe:9934:17)
    at reconcileChildFibers2 (http://localhost:3005/node_modules/.vite/deps/chunk-UXDD7MME.js?v=863beebe:10564:15)
    at reconcileChildren (http://localhost:3005/node_modules/.vite/deps/chunk-UXDD7MME.js?v=863beebe:14292:37)
    at updateHostComponent (http://localhost:3005/node_modules/.vite/deps/chunk-UXDD7MME.js?v=863beebe:14807:11)
    at beginWork (http://localhost:3005/node_modules/.vite/deps/chunk-UXDD7MME.js?v=863beebe:15935:22)
    at beginWork$1 (http://localhost:3005/node_modules/.vite/deps/chunk-UXDD7MME.js?v=863beebe:19753:22)
    at performUnitOfWork (http://localhost:3005/node_modules/.vite/deps/chunk-UXDD7MME.js?v=863beebe:19198:20)
    at workLoopSync (http://localhost:3005/node_modules/.vite/deps/chunk-UXDD7MME.js?v=863beebe:19137:13)
    at renderRootSync (http://localhost:3005/node_modules/.vite/deps/chunk-UXDD7MME.js?v=863beebe:19116:15)
    at recoverFromConcurrentError (http://localhost:3005/node_modules/.vite/deps/chunk-UXDD7MME.js?v=863beebe:18736:28)
